
WEP-12ac_rev_B login: ip a
Password: 
Login incorrect
WEP-12ac_rev_B login: admin
Password: 
Lo
WEP-12ac_rev_B login: password
Password: 
admin
Login incorrect
WEP-12ac_rev_B login: admin
Password: 
password
Login incorrect
WEP-12ac_rev_B login: 
Lo
WEP-12ac_rev_B login: admin
Password: 


To retain the configuration between reboots, make sure you copy the running configuration file to the startup configuration file after you have completed all your changes.

Enter 'help' for help.

WEP-12ac_rev_B# ip a
1: lo: <LOOPBACK,UP,LOWER_UP> mtu 16436 qdisc noqueue state UNKNOWN 
link/loopback 00:00:00:00:00:00 brd 00:00:00:00:00:00
inet 127.0.0.1/8 scope host lo
2: tunl0: <NOARP> mtu 1480 qdisc noop state DOWN 
link/ipip 0.0.0.0 brd 0.0.0.0
3: gre0: <NOARP> mtu 1476 qdisc noop state DOWN 
link/gre 0.0.0.0 brd 0.0.0.0
4: sit0: <NOARP> mtu 1480 qdisc noop state DOWN 
link/sit 0.0.0.0 brd 0.0.0.0
5: dl2t0: <NOARP> mtu 1500 qdisc noop state DOWN qlen 1000
link/ether fe:ff:ff:bc:21:83 brd ff:ff:ff:ff:ff:ff
6: eth0: <BROADCAST,MULTICAST,UP,LOWER_UP> mtu 1500 qdisc pfifo_fast state UNKNOWN qlen 1000
link/ether a8:f9:4b:b4:c4:20 brd ff:ff:ff:ff:ff:ff
7: wlan0: <BROADCAST,DEBUG,UP,LOWER_UP> mtu 1500 qdisc pfifo_fast state UNKNOWN qlen 256
link/ether a8:f9:4b:b4:c4:20 brd ff:ff:ff:ff:ff:ff
8: wlan1: <BROADCAST,UP,LOWER_UP> mtu 1500 qdisc pfifo_fast state UNKNOWN qlen 256
link/ether a8:f9:4b:b4:c4:30 brd ff:ff:ff:ff:ff:ff
9: brtrunk: <BROADCAST,MULTICAST,UP,LOWER_UP> mtu 1500 qdisc noqueue state UNKNOWN 
link/ether a8:f9:4b:b4:c4:20 brd ff:ff:ff:ff:ff:ff
inet 100.110.0.238/23 brd 100.110.1.255 scope global brtrunk
10: brtrunk-out: <BROADCAST,MULTICAST,UP,LOWER_UP> mtu 1500 qdisc noqueue state UNKNOWN 
link/ether a8:f9:4b:b4:c4:20 brd ff:ff:ff:ff:ff:ff
11: brtrunk-user: <BROADCAST,MULTICAST,UP,LOWER_UP> mtu 1500 qdisc noqueue state UNKNOWN 
link/ether a8:f9:4b:b4:c4:20 brd ff:ff:ff:ff:ff:ff

WEP-12ac_rev_B# dman: child pid 1838 exited in 0 seconds
dman: child pid 1905 exited in 0 seconds
/usr/sbin/wl: wl driver adapter not found
The system is going down NOW!
Sent SIGTERM to all processes
Sent [  422.000000] Restarting system.

U-Boot SPL 2012.10.esdk.7-1.20.0.14 (Oct 23 2020 - 08:51:21)
DEV ID = 0xcf1e
PCIE CFG DEV ID = 0x8022
OTP offset(0x8): 0x78f01c01
OTP offset(0x9): 0xfe200818
OTP offset(0xa): 0xc01b0
OTP offset(0xb): 0x0
OTP offset(0xc): 0x4400000
OTP offset(0xd): 0xbccde230
OTP offset(0xe): 0x1035b17f
OTP offset(0xf): 0x281c
SKU ID = 0x0
DDR type: DDR3
MEMC 0 DDR speed = 800MHz
ddr_init2: Calling soc_ddr40_set_shmoo_dram_config
ddr_init2: Calling soc_ddr40_phy_calibrate
C01. Check Power Up Reset_Bar
C02. Config and Release PLL from reset
C03. Poll PLL Lock
C04. Calibrate ZQ (ddr40_phy_calib_zq)
C05. DDR PHY VTT On (Virtual VTT setup) DISABLE all Virtual VTT
C06. DDR40_PHY_DDR3_MISC
C07. VDL Calibration
C07.1
C07.2
C07.4
C07.4.1
C07.4.4
VDL calibration result: 0x30000003 (cal_steps = 0)
C07.4.5
C07.4.6
C07.5
C08. DDR40_PHY_DDR3_MISC : Start DDR40_PHY_RDLY_ODT....
C09. Start ddr40_phy_autoidle_on (MEM_SYS_PARAM_PHY_AUTO_IDLE) ....
C10. Wait for Phy Ready
Programming controller register
ddr_init2: Calling soc_ddr40_shmoo_ctl
Validate Shmoo parameters stored in flash ..... OK
Press Ctrl-C to run Shmoo ..... skipped
Restoring Shmoo parameters from flash ..... done
Running simple memory test ..... OK
DDR Tune Completed
(ONFI), S34ML01G1           , 
INFO: device 128MB, page 2048B, oobsize 64B, block 128KB, 
col-addr 2, row-addr 2, 8-bit
NAND:   chipsize 128 MiB


U-Boot 2012.10.esdk.7-1.20.0.14 (Oct 23 2020 - 08:51:21)

DRAM:  16 MiB
WARNING: Caches not enabled
NAND:   (ONFI), S34ML01G1           , 
INFO: device 128MB, page 2048B, oobsize 64B, block 128KB, 
col-addr 2, row-addr 2, 8-bit
NAND:   chipsize 128 MiB
MMC:   iproc_mmc: 0

soc_pcie_hw_init : port->reg_base = 0x18012000 , its value = 0x1 
PCIe port in RC mode

==>PCIE: LINKSTA reg 0xbe val 0x9012

**************
port 0 is active!!
**************
membase 0x8000000 memlimit 0x10000000
00:00.00 - 14e4:4360 - Network controller

pci_iproc_init_board : hose->last_busno = 0x0 

Extended Config
i=0 <0> 	 0x14e4  0x8022  0x0146  0x0010  0x0011  0x0200  0x0000  0x0001 
i=8 <8> 	 0x0000  0x0000  0x0000  0x0000  0x0100  0x0004  0x0000  0x0000 
i=16 <10> 	 0x0800  0x1000  0x0001  0x0001  0x0000  0x0000  0x0000  0x0000 
i=24 <18> 	 0x0000  0x0000  0x0048  0x0000  0x0000  0x0000  0x01a9  0x0000 
i=32 <20> 	 0x0000  0x0000  0x0000  0x0000  0xac01  0xc803  0x2008  0x0000 
i=40 <28> 	 0x0000  0x0000  0x0000  0x0000  0x0000  0x0000  0x0000  0x0000 
i=48 <30> 	 0x0000  0x0000  0x0000  0x0000  0x0000  0x0000  0x0000  0x0000 
i=56 <38> 	 0x0000  0x0000  0x0000  0x0000  0x0000  0x0000  0x0000  0x0000 
i=64 <40> 	 0x0000  0x0000  0x0000  0x0000  0x0000  0x0000  0x0000  0x0000 
i=72 <48> 	 0x0000  0x0000  0x0000  0x0000  0x0000  0x0000  0x0000  0x0000 
i=80 <50> 	 0x0000  0x0000  0x0000  0x0000  0x0000  0x0000  0x0010  0x0042 
i=88 <58> 	 0x8000  0x0000  0x2c10  0x0010  0x5c12  0x0065  0x0000  0x9012 
i=96 <60> 	 0x0000  0x0000  0x0000  0x0040  0x0000  0x0001  0x0000  0x0000 
i=104 <68> 	 0x001f  0x0008  0x0000  0x0000  0x0000  0x0000  0x0002  0x0000 
i=112 <70> 	 0x0000  0x0000  0x0000  0x0000  0x0000  0x0000  0x0000  0x0000 
i=120 <78> 	 0x0000  0x0000  0x0000  0x0000  0x0000  0x0000  0x0000  0x0000 


Standard Config
i=0 <0> 	 0x436014e4 	0x00100146 	0x02800003 	0x00000000 
i=4 <4> 	 0x08000004 	0x00000000 	0x00000000 	0x00000000 
i=8 <8> 	 0x00000000 	0x00000000 	0x00000000 	0x436014e4 
i=12 <c> 	 0x00000000 	0x00000048 	0x00000000 	0x000001a9 
i=16 <10> 	 0x00000000 	0x00000000 	0x06035801 	0x00004008 
i=20 <14> 	 0x00000000 	0x00000000 	0x00806805 	0x00000000 
i=24 <18> 	 0x00000000 	0x00000000 	0x0044ac09 	0x00000101 
i=28 <1c> 	 0x18100000 	0x00000000 	0x00000000 	0x00000000 
i=32 <20> 	 0x18000000 	0x00000000 	0x00000000 	0x00000000 
i=36 <24> 	 0x00000000 	0x00000100 	0x00000000 	0x00000000 
i=40 <28> 	 0x00000000 	0x00000000 	0x00010040 	0x00020010 
i=44 <2c> 	 0x00008f82 	0x00102c10 	0x0046dc12 	0x10120000 
i=48 <30> 	 0x00000000 	0x00000000 	0x00000000 	0x00000000 
i=52 <34> 	 0x0008081f 	0x00000000 	0x00000000 	0x00000001 
i=56 <38> 	 0x00000000 	0x00000000 	0x00000000 	0x00000000 
i=60 <3c> 	 0x00000000 	0x00000000 	0x00000000 	0x00000000 

BAR-0: 0x08000004

BAR-1: 0x00000000

BAR-2: 0x00000000

BAR-3: 0x00000000

BAR-4: 0x00000000

BAR-5: 0x00000000

PCI:   Bus Dev VenId DevId Class Int
Done PCI initialization
In:    serial
Out:   serial
Err:   serial
arm_clk=1200MHz, axi_clk=600MHz, apb_clk=300MHz, arm_periph_clk=600MHz
Enabling icache and dcache
Enabling l2cache
Net:   Registering eth
Broadcom BCM IPROC Ethernet driver 0.1
Using GMAC1 (0x18023000)
et0: ethHw_chipAttach: Chip ID: 0xcf1e; phyaddr: 0x1e
bcm_robo_attach: devid: 0xa
bcmiproc_eth-0

*********************************************************
Please add diag support DIAGS_BOARD to: 
BCM953022K
BCM953025K
BCM953025K_REV2
BCM958622HR
BCM958623HR
BCM958522ER
BCM958625HR
in env before you can run any diags                      
*********************************************************
COM2 is not configured due to board type
COM3 is not configured due to board type
NVRAM_MAGIC found at offset 100000
nvram_init: ret 0
Press 'stop' to abort autoboot in 3 seconds
Checking TRX header at NAND addr 2c00000 size 800 ...
Checking  2c00000...
kernel_image_len 240000
Primary TRX image OK
Booting from Backup Partition
setting boot args to REDUNDANT_BOOT_PARTITION
kernel_args console=ttyS0,115200 ubi.mtd=7 root=ubi0:rootfs ro rootflags=sync rootfstype=ubifs user_debug=31 factory="WEP-12ac:rev.B,2v10,WP16000170,A8:F9:4B:B4:C4:20" loader_type=u-boot loader_version="1.20.0.14"
Start addr 01000000 machid 127f Parameter addr 60200000 ...

Starting kernel ...
Uncompressing Linux... done, booting the kernel.
[    0.000000] Linux version 2.6.36.4brcmarm (jenkins@jenkins-System-Product-Name) (gcc version 4.5.3 (Buildroot 2012.02) ) #1 SMP PREEMPT Fri Jul 1 18:01:16 +07 2022
[    0.000000] CPU: ARMv7 Processor [413fc090] revision 0 (ARMv7), cr=10c53c7f
[    0.000000] CPU: VIPT nonaliasing data cache, VIPT nonaliasing instruction cache
[    0.000000] Machine: Northstar Prototype
[    0.000000] Ignoring unrecognised tag 0x00000000
[    0.000000] Memory policy: ECC disabled, Data cache writealloc
[    0.000000] MPCORE found at 19020000
[    0.000000] PERCPU: Embedded 7 pages/cpu @d0215000 s4672 r8192 d15808 u65536
[    0.000000] pcpu-alloc: s4672 r8192 d15808 u65536 alloc=16*4096
[    0.000000] pcpu-alloc: [0] 0 [0] 1 
[    0.000000] Built 1 zonelists in Zone order, mobility grouping on.  Total pages: 60928
[    0.000000] Kernel command line: console=ttyS0,115200 root=ubi0:rootfs ro rootflags=sync rootfstype=ubifs user_debug=31
[    0.000000] PID hash table entries: 1024 (order: 0, 4096 bytes)
[    0.000000] Dentry cache hash table entries: 32768 (order: 5, 131072 bytes)
[    0.000000] Inode-cache hash table entries: 16384 (order: 4, 65536 bytes)
[    0.000000] Memory: 128MB 128MB = 256MB total
[    0.000000] Memory: 254528k/254528k available, 7616k reserved, 0K highmem
[    0.000000] Virtual kernel memory layout:
[    0.000000]     vector  : 0xffff0000 - 0xffff1000   (   4 kB)
[    0.000000]     fixmap  : 0xfff00000 - 0xfffe0000   ( 896 kB)
[    0.000000]     DMA     : 0xf7e00000 - 0xffe00000   ( 128 MB)
[    0.000000]     vmalloc : 0xd8800000 - 0xf0000000   ( 376 MB)
[    0.000000]     lowmem  : 0xc0000000 - 0xd8000000   ( 384 MB)
[    0.000000]     pkmap   : 0xbfe00000 - 0xc0000000   (   2 MB)
[    0.000000]     modules : 0xbf000000 - 0xbfe00000   (  14 MB)
[    0.000000]       .init : 0xc0008000 - 0xc0050000   ( 288 kB)
[    0.000000]       .text : 0xc0050000 - 0xc0459000   (4132 kB)
[    0.000000]       .data : 0xc0476000 - 0xc0499260   ( 141 kB)
[    0.000000] SLUB: Genslabs=11, HWalign=32, Order=0-3, MinObjects=0, CPUs=2, Nodes=1
[    0.000000] Hierarchical RCU implementation.
[    0.000000] 	RCU-based detection of stalled CPUs is disabled.
[    0.000000] 	Verbose stalled-CPUs detection is disabled.
[    0.000000] NR_IRQS:256
[    0.000000] MPCORE GIC init
[    0.000000] MPCORE Global Timer Clock 600000005Hz
[    0.000000] Calibrating delay loop... 2398.61 BogoMIPS (lpj=11993088)
[    0.240000] pid_max: default: 32768 minimum: 301
[    0.240000] Mount-cache hash table entries: 512
[    0.240000] CPU: Testing write buffer coherency: ok
[    0.240000] MPCORE Private timer setup CPU0
[    0.240000] Calibrating local timer... 599.830MHz.
[    0.330000] L310: cache controller enabled 16 ways, CACHE_ID 0x410000c8, AUX_CTRL 0x7a150000
[    0.330000] cpu0: action CPU_UP_PREPARE
[    0.330000] cpu0: action CPU_ONLINE
[    0.350000] cpu1: action CPU_UP_PREPARE
[    0.360000] CPU1: Booted secondary processor
[    0.360000] cpu1: action CPU_STARTING
[    0.360000] MPCORE Private timer setup CPU1
[    0.600000] cpu1: action CPU_ONLINE
[    0.600000] Brought up 2 CPUs
[    0.600000] SMP: Total of 2 processors activated (4797.23 BogoMIPS).
[    0.600000] devtmpfs: initialized
[    0.600000] atomic64 test passed
[    0.600000] NET: Registered protocol family 16
[    0.600000] Found a AMD NAND flash:
[    0.600000] Total size:  128MB
[    0.600000] Block size:  128KB
[    0.600000] Page Size:   2048B
[    0.600000] OOB Size:    64B
[    0.600000] Sector size: 512B
[    0.600000] Spare size:  16B
[    0.600000] ECC level:   4 (4-bit)
[    0.600000] Device ID: 0x 1 0xf1 0x 0 0x1d 0x 1 0xf1
[    0.630000] NVRAM kernel_args: console=ttyS0,115200 ubi.mtd=7 root=ubi0:rootfs ro rootflags=sync rootfstype=ubifs user_debug=31 factory="WEP-12ac:rev.B,2v10,WP16000170,A8:F9:4B:B4:C4:20" loader_type=u-boot loader_version="1.20.0.14"
[    0.630000] root device name: ubi0:rootfs
[    0.630000] CCA UART Clock Config: Sel=1 Ovr=0 Div=2
[    0.630000] CCA UART Clock rate 62500000Hz
[    0.630000] exceptions_init: enter 
[    0.630000] bio: create slab <bio-0> at 0
[    0.630000] cfg80211: Calling CRDA to update world regulatory domain
[    0.630000] Switching to clocksource mpcore_gtimer
[    0.630000] NET: Registered protocol family 2
[    0.630000] IP route cache hash table entries: 2048 (order: 1, 8192 bytes)
[    0.630000] TCP established hash table entries: 8192 (order: 4, 65536 bytes)
[    0.630000] TCP bind hash table entries: 8192 (order: 4, 98304 bytes)
[    0.630000] TCP: Hash tables configured (established 8192 bind 8192)
[    0.630000] TCP reno registered
[    0.630000] UDP hash table entries: 128 (order: 0, 4096 bytes)
[    0.630000] UDP-Lite hash table entries: 128 (order: 0, 4096 bytes)
[    0.630000] NET: Registered protocol family 1
[    0.630000] PCI: no core
[    0.630000] PCI: no core
[    0.630000] PCI: scanning bus 0
[    0.630000] PCI: Fixing up bus 0
[    0.880000] PCIE1 link=1
[    0.880000] Allow PCI Ex 2.0 - 1
[    0.880000] PCIE1 switching to GEN2
[    1.130000] PCIE1 link=1
[    1.130000] PCI: Fixing up bus 0
[    1.130000] PCI: bus0: Fast back to back transfers disabled
[    1.130000] PCI: Fixing up bus 1
[    1.130000] PCI: bus1: Fast back to back transfers disabled
[    1.130000] pci 0001:00:00.0: BAR 8: assigned [mem 0x08000000-0x080fffff]
[    1.130000] pci 0001:01:00.0: BAR 0: assigned [mem 0x08000000-0x08007fff 64bit]
[    1.130000] pci 0001:01:00.0: BAR 0: set to [mem 0x08000000-0x08007fff 64bit] (PCI address [0x8000000-0x8007fff]
[    1.130000] pci 0001:00:00.0: PCI bridge to [bus 01-01]
[    1.130000] pci 0001:00:00.0:   bridge window [io  disabled]
[    1.130000] pci 0001:00:00.0:   bridge window [mem 0x08000000-0x080fffff]
[    1.130000] pci 0001:00:00.0:   bridge window [mem pref disabled]
[    1.380000] PCIE2 link=1
[    1.380000] Allow PCI Ex 2.0 - 1
[    1.380000] PCIE2 switching to GEN2
[    1.630000] PCIE2 link=1
[    1.630000] PCI: Fixing up bus 0
[    1.630000] PCI: bus0: Fast back to back transfers disabled
[    1.630000] PCI: Fixing up bus 1
[    1.630000] PCI: bus1: Fast back to back transfers disabled
[    1.630000] pci 0002:00:00.0: BAR 8: assigned [mem 0x40000000-0x400fffff]
[    1.630000] pci 0002:01:00.0: BAR 0: assigned [mem 0x40000000-0x40007fff 64bit]
[    1.630000] pci 0002:01:00.0: BAR 0: set to [mem 0x40000000-0x40007fff 64bit] (PCI address [0x40000000-0x40007fff]
[    1.630000] pci 0002:00:00.0: PCI bridge to [bus 01-01]
[    1.630000] pci 0002:00:00.0:   bridge window [io  disabled]
[    1.630000] pci 0002:00:00.0:   bridge window [mem 0x40000000-0x400fffff]
[    1.630000] pci 0002:00:00.0:   bridge window [mem pref disabled]
[    1.880000] PCIE3 link=0
[    1.890000] squashfs: version 4.0 (2009/01/31) Phillip Lougher
[    1.890000] Registering unionfs 2.5.11 (for 2.6.36.4)
[    1.890000] JFFS2 version 2.2. (NAND) © 2001-2006 Red Hat, Inc.
[    1.890000] msgmni has been set to 497
[    1.890000] io scheduler noop registered
[    1.890000] io scheduler deadline registered
[    1.890000] io scheduler cfq registered (default)
[    1.950000] Serial: 8250/16550 driver, 2 ports, IRQ sharing disabled
[    1.950000] serial8250.0: ttyS0 at MMIO 0x18000300 (irq = 117) is a 16550
[    2.600000] console [ttyS0] enabled
[    2.600000] serial8250.0: ttyS1 at MMIO 0x18000400 (irq = 117) is a 16550
[    2.610000] brd: module loaded
[    2.610000] loop: module loaded
[    2.620000] pflash: found no supported devices
[    2.620000] Northstar brcmnand NAND Flash Controller driver, Version 0.1 (c) Broadcom Inc. 2012
[    2.630000] NAND device: Manufacturer ID: 0x01, Chip ID: 0xf1 (AMD NAND 128MiB 3,3V 8-bit)
[    2.640000] Spare area=64 eccbytes 28, ecc bytes located at:
[    2.650000]  9 10 11 12 13 14 15 25 26 27 28 29 30 31 41 42 43 44 45 46 47 57 58 59 60 61 62 63
[    2.650000] Available 35 bytes at (off,len):
[    2.660000] (1,8) (16,9) (32,9) (48,9) (0,0) (0,0) (0,0) (0,0) 
[    2.660000] Scanning device for bad blocks
[    3.220000] Options: NO_AUTOINCR,NO_READRDY,BBT_SCAN2NDPAGE,
[    3.230000] Nand Boot partition size = 1048576(0x100000)
[    3.230000] lookup_nflash_rootfs_offset: offset = 0x400000
[    3.250000] brcmnand: ubifs with lzo found at block #50 offset 640000
[    3.260000] lookup_nflash_rootfs_offset: offset = 0x2c00000
[    3.270000] brcmnand: ubifs with lzo found at block #370 offset 2e40000
[    3.280000] Creating 12 MTD partitions on "brcmnand":
[    3.280000] 0x000000000000-0x000000100000 : "boot"
[    3.290000] 0x000000100000-0x000000200000 : "nvram"
[    3.290000] 0x000000200000-0x000000300000 : "ram_cfg"
[    3.300000] 0x000000300000-0x000000400000 : "log"
[    3.310000] 0x000000400000-0x000002c00000 : "linux"
[    3.310000] 0x000000640000-0x000002c00000 : "rootfs"
[    3.320000] 0x000002c00000-0x000005400000 : "linux2"
[    3.320000] 0x000002e40000-0x000005400000 : "rootfs2"
[    3.330000] 0x000005400000-0x000007c00000 : "jffs2"
[    3.330000] 0x000007c00000-0x000007d00000 : "sign"
[    3.340000] 0x000007d00000-0x000007e00000 : "sign2"
[    3.340000] 0x000007e00000-0x000007f00000 : "boot_env"
[    3.350000] UBI: attaching mtd7 to ubi0
[    3.350000] UBI: physical eraseblock size:   131072 bytes (128 KiB)
[    3.360000] UBI: logical eraseblock size:    129024 bytes
[    3.370000] UBI: smallest flash I/O unit:    2048
[    3.370000] UBI: sub-page size:              512
[    3.370000] UBI: VID header offset:          512 (aligned 512)
[    3.380000] UBI: data offset:                2048
[    3.500000] UBI: max. sequence number:       0
[    3.520000] UBI: attached mtd7 to ubi0
[    3.520000] UBI: MTD device name:            "rootfs2"
[    3.530000] UBI: MTD device size:            37 MiB
[    3.530000] UBI: number of good PEBs:        302
[    3.540000] UBI: number of bad PEBs:         0
[    3.540000] UBI: max. allowed volumes:       128
[    3.550000] UBI: wear-leveling threshold:    4096
[    3.550000] UBI: number of internal volumes: 1
[    3.560000] UBI: number of user volumes:     1
[    3.560000] UBI: available PEBs:             7
[    3.560000] UBI: total number of reserved PEBs: 295
[    3.570000] UBI: number of PEBs reserved for bad PEB handling: 6
[    3.580000] UBI: max/mean erase counter: 0/0
[    3.580000] UBI: image sequence number:  309206785
[    3.580000] PPP generic driver version 2.4.2
[    3.590000] PPP Deflate Compression module registered
[    3.590000] PPP BSD Compression module registered
[    3.600000] PPP MPPE Compression module registered
[    3.600000] NET: Registered protocol family 24
[    3.610000] Software Watchdog Timer: 0.07 initialized. soft_noboot=0 soft_margin=120 sec (nowayout= 0)
[    3.620000] Init Eltex supplementary driver
[    3.620000] [ds1726] starting module
[    3.630000] [ds1726] ds1726_major = 255
[    3.630000] [ds1726]	This board does not containt ds1726 temperature sensor
[    3.640000] [TEST] Initing led and watchdog timers..
[    3.640000] Init external watchdog timer with interval = 400 ms
[    3.650000] Init LED timer with interval = 400 ms
[    3.650000] Init reboot press timer with interval = 500 ms
[    3.660000] [SFP]: starting module
[    3.660000] [SFP]: sfp_major = 248
[    3.670000] [SFP]: This board does not have SFP module functionality
[    3.670000] Netfilter messages via NETLINK v0.30.
[    3.680000] nf_conntrack version 0.5.0 (3977 buckets, 15908 max)
[    3.680000] IPv4 over IPv4 tunneling driver
[    3.690000] GRE over IPv4 tunneling driver
[    3.690000] ip_tables: (C) 2000-2006 Netfilter Core Team
[    3.700000] TCP cubic registered
[    3.700000] Initializing XFRM netlink socket
[    3.710000] NET: Registered protocol family 10
[    3.710000] IPv6 over IPv4 tunneling driver
[    3.710000] NET: Registered protocol family 17
[    3.720000] NET: Registered protocol family 15
[    3.720000] L2TP core driver, V2.0
[    3.730000] PPPoL2TP kernel driver, V2.0
[    3.730000] 802.1Q VLAN Support v1.8 Ben Greear <greearb@candelatech.com>
[    3.740000] All bugs added by David S. Miller <davem@redhat.com>
[    3.740000] lib80211: common routines for IEEE802.11 drivers
[    3.780000] UBIFS: parse sync
[    3.880000] UBIFS: mounted UBI device 0, volume 0, name "rootfs"
[    3.890000] UBIFS: mounted read-only
[    3.890000] UBIFS: file system size:   34836480 bytes (34020 KiB, 33 MiB, 270 LEBs)
[    3.900000] UBIFS: journal size:       4902912 bytes (4788 KiB, 4 MiB, 38 LEBs)
[    3.910000] UBIFS: media format:       w4/r0 (latest is w4/r0)
[    3.910000] UBIFS: default compressor: lzo
[    3.920000] UBIFS: reserved for root:  0 bytes (0 KiB)
[    3.920000] VFS: Mounted root (ubifs filesystem) readonly on device 0:12.
[    3.930000] devtmpfs: mounted
[    3.940000] Freeing init memory: 288K
[    4.050000] Board 'WEP-12ac:rev.B' rev '2v10' using GPIO16 for watchdog ping
RC Mounting filesystems...
[    4.160000] Board 'WEP-12ac:rev.B' rev '2v10' using GPIO6 for reset button
Dual config is supported
Restore config
Read dump config 2 image.ECC failed: 0
ECC corrected: 0
Number of bad blocks: 0
Number of bbt blocks: 0
Block size 131072, page size 2048, OOB size 64
Dumping data starting at 0x01400000 and ending at 0x01480000...
restore saved config
uncompressed start
[    4.410000] unionfs: new lower inode ctime (bindex=1, name=config)
[    4.420000] unionfs: new lower inode ctime (bindex=1, name=config)
[    4.420000] unionfs: new lower inode ctime (bindex=1, name=config)
uncompressed 47588 bytes
restore ret: 0
Dual config is supported
Restore cert
ECC failed: 0
ECC corrected: 0
Number of bad blocks: 0
Number of bbt blocks: 0
Block size 131072, page size 2048, OOB size 64
Dumping data starting at 0x00080000 and ending at 0x00100000...
tar: no gzip magic
Restore cert FAILED
/usr/sbin/flash-config: exit: line 271: Illegal number: -1
Mounting filesystems...
Inserting L2 tunnel code: wlext_l2tunnel.ko[    4.670000] wlext_l2tunnel: module license 'Proprietary' taints kernel.
[    4.680000] Disabling lock debugging due to kernel taint
[    4.700000] L2 Tunneling module init 
[    4.700000] mkdir /proc/net/l2tunnel SUCCESSFUL
[    4.710000] mkdir /proc/net/l2tunnel/tunnel SUCCESSFUL
[    4.710000] l2tunnel arp task created with pid 944
[    4.720000] l2tunnel frag task created with pid 945
.
Inserting AP Metering module code: wlext_apmeter.ko.
Inserting Captive Portal code: wlext_cp.ko[    4.830000] ap cp data allocated
[    4.830000] vap cp data allocated
.
Inserting EMF code: wlext_emf.ko.
Inserting IGMP Snooping code: wlext_igs.ko.
Inserting managed WDS code: wlext_wds.ko[    4.920000] Entering wlext_wds_db_init
[    4.920000] wlext_wds_socket_init Begin
[    4.930000] wlext-wds socket created.
[    4.930000] wlext_wds_socket_init End
.
[    4.940000] wlext_wds thread created with pid 994
Inserting Centralized L2 tunnel code: wlext_cl2tunnel.ko[    4.970000] Centralized L2 tunneling module init begin
[    4.970000] mkdir /proc/net/cl2tunnel SUCCESSFUL
[    4.980000] Centralized L2 tunneling module initialization SUCCESS
.
Inserting Dist L2 tunnel code: wlext_dl2tunnel.ko[    5.030000] dl2tunnel_init: begin
[    5.030000] dl2tunnel_monitor_task_init: monitor task created with pid 1011
[    5.040000] dl2tunnel_stats_proc_init: mkdir /proc/net/dl2tunnel SUCCESSFUL
[    5.050000] dl2tunnel_stats_proc_init: mkdir /proc/net/dl2tunnel/sta SUCCESSFUL
[    5.050000] dl2tunnel_init: module initializion SUCCESS
.
Inserting IP tunnel code: wlext_iptunnel.ko[    5.090000] ap tunnel allocated
[    5.090000] vap tunnel allocated
.
Inserting RF Scan code: wlext_rfscan.ko[    5.120000] Entering wlext_rfscan_db_init
[    5.130000] wlext_rfscan_socket_init Begin
[    5.130000] wlext-rfscan socket created.
[    5.140000] wlext_rfscan_socket_init End
[    5.140000] wlext_rfscan_hostapd_socket_init Begin
[    5.150000] wlext-rfscan hostapd socket created.
[    5.150000] wlext_rfscan_hostapd_socket_init End
.
[    5.170000] wlext_rfscan thread created with pid 1026
Starting IPC core
Inserting wlext stats code: wlext_stats.ko[    5.220000] mkdir /proc/net/ieee80211 SUCCESSFUL
[    5.230000] wlext-stats is initialized
.
Starting tspec.
Inserting Broadcom CTF module: ctf.ko.
Inserting Broadcom et driver code: et.ko[    5.400000] et_module_init: passivemode set to 0x0
[    5.400000] et_module_init: txworkq set to 0x0
[    5.420000] et_module_init: et_txq_thresh set to 0xce4
[    5.420000] et_module_init: et_rxlazy_timeout set to 0x3e8
[    5.440000] et_module_init: et_rxlazy_framecnt set to 0x20
[    5.440000] et_module_init: et_rxlazy_dyn_thresh set to 0
[    5.460000] osl_ctfpool_init: (d7114380) numobj 4096
[    5.480000] eth0: Broadcom BCM47XX 10/100/1000 Mbps Ethernet Controller 10.10.69.74 (r629731)
Inserting wl driver: wl.ko[    7.780000] wl_module_init: passivemode set to 0x0
[    7.790000] wl_module_init: txworkq set to 0x0
[    7.790000] wl_pci_probe: bus 1 slot 0 func 0 irq 163
[    7.800000] wl0: unit number
[    7.850000] wl: wlc_dl2t_attach d3d30000, intf 0
[    7.860000] wlc_exclude_chans_attach(171)
[    7.860000] osl_ctfpool_init: (d72d3980) numobj 4096
[    7.880000] wlan0: Broadcom BCM4360 802.11 Wireless Controller 10.10.69.74_e5.0.9.1 (r629731)
[    7.890000] wl_pci_probe: bus 1 slot 0 func 0 irq 169
[    7.900000] wl1: unit number
[    7.920000] wl: wlc_dl2t_attach d2b00000, intf 1
[    7.930000] si_pmu_pll1_fvco_4360:attempt to query fvco during normal operation
[    7.930000] wlc_exclude_chans_attach(171)
[    7.940000] osl_ctfpool_init: (d2a7f180) numobj 4096
[    7.960000] wlan1: Broadcom BCM4360 802.11 Wireless Controller 10.10.69.74_e5.0.9.1 (r629731)
/usr/sbin/wl: wl driver adapter not found
/usr/sbin/wl: wl driver adapter not found
board: bcm958522er
2 radio configuration detected
bands and phytype read for wlan0
bands and phytype read for wlan1
.
Configuration is being updated... 
2 radios detected
Keeping radio 2 configuration
Deleting radio 3 configuration.
radio-cap-update: bcm958522er
WLAN0
For bands = b, PhyType = 11, Radios = 2
mode_list_wlan0 = bg bg-n n-only-g
default_bw_wlan0 = 20, default_mode_wlan0 = bg-n
default_frag_threshold_wlan0 = 1024, default_rts_threshold_wlan0 = 1025
Enable wpa-cipher-tkip on wlan0 (2.4GHz)
WLAN1
For bands = a, PhyType = 11, Radios = 2
mode_list_wlan1 = a a-n-ac n-ac
default_bw_wlan1 = 20, default_mode_wlan1 = a-n-ac
default_frag_threshold_wlan1 = 2346, default_rts_threshold_wlan1 = 2347
Disable wpa-cipher-tkip on wlan1 (5GHz)
config.xml found. Migrating configuration...
Upgrade startup config successful
Configuration file merge successful
Inserting AE Kernel module code: wlext_ae.ko.
[    9.400000] wlext_ae thread created with pid 1187
Starting asengd.
[    9.440000] wlext_ae_promisc_set:Cannot get device for interface wlan2
[    9.450000] wlext_ae_promisc_set:Cannot get device for interface wlan2
asengd: asengd: no config file, using defaults

crash_dump: board_type = bcm958522er
,flash_file_path = /dev/mtd3
Starting mapd and dmanDMAN:netconn plugin init
dman: [Thu Jan  1 00:00:14 1970] Value "on" is not valid for property "vht-mode" of class "radio" - skipping.
dman: [Thu Jan  1 00:00:14 1970] Value "on" is not valid for property "smart-mode" of class "radio" - skipping.
dman: [Thu Jan  1 00:00:14 1970] Value "off" is not valid for property "smart-mode" of class "radio" - skipping.
dman: [Thu Jan  1 00:00:14 1970] Property "rssi-limit" is not valid for class "wids-service" - skipping.
dman: [Thu Jan  1 00:00:14 1970] Value "Eltex-AP" is not valid for property "system-name" of class "system" - skipping.
dman: [Thu Jan  1 00:00:14 1970] Instance has an unknown class "zwave".
killall: autodmesglog.sh: no process killed
dman: Start of service brtrunk-eapd ok
dman: Start of service brtrunk-out-eapd ok
dman: Start of service brtrunk-user-eapd ok
hostapd connection failed
hostapd connection failed
killall: hostapd: no process killed
killall: hspotap: no process killed
Fri Dec 31 12:00:00 MST 1999
dman: Starting mapqosd ....
dman: Restarting DHCP client (management-udhcpc)
killall: mini_httpd_watchdog.sh: no process killed

WEP-12ac_rev_B login: AP Serial number: WP16000170 - Config Changed: 0
AP hardware_version: 2v10 - Config Changed: 0
dman: DHCP-client: Interface brtrunk obtained lease on new address 100.110.0.238.
dman: set_default_router: going brtrunk to change default router to 100.110.0.1

Boot Successful - Config Ok

dman: child pid 1839 exited in 0 seconds
dman: child pid 1906 exited in 0 seconds
/usr/sbin/wl: wl driver adapter not found
The system is going down NOW!
Sent SIGTERM to all processes
Sent [  679.120000] Restarting system.

U-Boot SPL 2012.10.esdk.7-1.20.0.14 (Oct 23 2020 - 08:51:21)
DEV ID = 0xcf1e
PCIE CFG DEV ID = 0x8022
OTP offset(0x8): 0x78f01c01
OTP offset(0x9): 0xfe200818
OTP offset(0xa): 0xc01b0
OTP offset(0xb): 0x0
OTP offset(0xc): 0x4400000
OTP offset(0xd): 0xbccde230
OTP offset(0xe): 0x1035b17f
OTP offset(0xf): 0x281c
SKU ID = 0x0
DDR type: DDR3
MEMC 0 DDR speed = 800MHz
ddr_init2: Calling soc_ddr40_set_shmoo_dram_config
ddr_init2: Calling soc_ddr40_phy_calibrate
C01. Check Power Up Reset_Bar
C02. Config and Release PLL from reset
C03. Poll PLL Lock
C04. Calibrate ZQ (ddr40_phy_calib_zq)
C05. DDR PHY VTT On (Virtual VTT setup) DISABLE all Virtual VTT
C06. DDR40_PHY_DDR3_MISC
C07. VDL Calibration
C07.1
C07.2
C07.4
C07.4.1
C07.4.4
VDL calibration result: 0x30000003 (cal_steps = 0)
C07.4.5
C07.4.6
C07.5
C08. DDR40_PHY_DDR3_MISC : Start DDR40_PHY_RDLY_ODT....
C09. Start ddr40_phy_autoidle_on (MEM_SYS_PARAM_PHY_AUTO_IDLE) ....
C10. Wait for Phy Ready
Programming controller register
ddr_init2: Calling soc_ddr40_shmoo_ctl
Validate Shmoo parameters stored in flash ..... OK
Press Ctrl-C to run Shmoo ..... skipped
Restoring Shmoo parameters from flash ..... done
Running simple memory test ..... OK
DDR Tune Completed
(ONFI), S34ML01G1           , 
INFO: device 128MB, page 2048B, oobsize 64B, block 128KB, 
col-addr 2, row-addr 2, 8-bit
NAND:   chipsize 128 MiB


U-Boot 2012.10.esdk.7-1.20.0.14 (Oct 23 2020 - 08:51:21)

DRAM:  16 MiB
WARNING: Caches not enabled
NAND:   (ONFI), S34ML01G1           , 
INFO: device 128MB, page 2048B, oobsize 64B, block 128KB, 
col-addr 2, row-addr 2, 8-bit
NAND:   chipsize 128 MiB
MMC:   iproc_mmc: 0

soc_pcie_hw_init : port->reg_base = 0x18012000 , its value = 0x1 
PCIe port in RC mode

==>PCIE: LINKSTA reg 0xbe val 0x9012

**************
port 0 is active!!
**************
membase 0x8000000 memlimit 0x10000000
00:00.00 - 14e4:4360 - Network controller

pci_iproc_init_board : hose->last_busno = 0x0 

Extended Config
i=0 <0> 	 0x14e4  0x8022  0x0146  0x0010  0x0011  0x0200  0x0000  0x0001 
i=8 <8> 	 0x0000  0x0000  0x0000  0x0000  0x0100  0x0004  0x0000  0x0000 
i=16 <10> 	 0x0800  0x1000  0x0001  0x0001  0x0000  0x0000  0x0000  0x0000 
i=24 <18> 	 0x0000  0x0000  0x0048  0x0000  0x0000  0x0000  0x01a9  0x0000 
i=32 <20> 	 0x0000  0x0000  0x0000  0x0000  0xac01  0xc803  0x2008  0x0000 
i=40 <28> 	 0x0000  0x0000  0x0000  0x0000  0x0000  0x0000  0x0000  0x0000 
i=48 <30> 	 0x0000  0x0000  0x0000  0x0000  0x0000  0x0000  0x0000  0x0000 
i=56 <38> 	 0x0000  0x0000  0x0000  0x0000  0x0000  0x0000  0x0000  0x0000 
i=64 <40> 	 0x0000  0x0000  0x0000  0x0000  0x0000  0x0000  0x0000  0x0000 
i=72 <48> 	 0x0000  0x0000  0x0000  0x0000  0x0000  0x0000  0x0000  0x0000 
i=80 <50> 	 0x0000  0x0000  0x0000  0x0000  0x0000  0x0000  0x0010  0x0042 
i=88 <58> 	 0x8000  0x0000  0x2c10  0x0010  0x5c12  0x0065  0x0000  0x9012 
i=96 <60> 	 0x0000  0x0000  0x0000  0x0040  0x0000  0x0001  0x0000  0x0000 
i=104 <68> 	 0x001f  0x0008  0x0000  0x0000  0x0000  0x0000  0x0002  0x0000 
i=112 <70> 	 0x0000  0x0000  0x0000  0x0000  0x0000  0x0000  0x0000  0x0000 
i=120 <78> 	 0x0000  0x0000  0x0000  0x0000  0x0000  0x0000  0x0000  0x0000 


Standard Config
i=0 <0> 	 0x436014e4 	0x00100146 	0x02800003 	0x00000000 
i=4 <4> 	 0x08000004 	0x00000000 	0x00000000 	0x00000000 
i=8 <8> 	 0x00000000 	0x00000000 	0x00000000 	0x436014e4 
i=12 <c> 	 0x00000000 	0x00000048 	0x00000000 	0x000001a9 
i=16 <10> 	 0x00000000 	0x00000000 	0x06035801 	0x00004008 
i=20 <14> 	 0x00000000 	0x00000000 	0x00806805 	0x00000000 
i=24 <18> 	 0x00000000 	0x00000000 	0x0044ac09 	0x00000101 
i=28 <1c> 	 0x18100000 	0x00000000 	0x00000000 	0x00000000 
i=32 <20> 	 0x18000000 	0x00000000 	0x00000000 	0x00000000 
i=36 <24> 	 0x00000000 	0x00000100 	0x00000000 	0x00000000 
i=40 <28> 	 0x00000000 	0x00000000 	0x00010040 	0x00020010 
i=44 <2c> 	 0x00008f82 	0x00102c10 	0x0046dc12 	0x10120000 
i=48 <30> 	 0x00000000 	0x00000000 	0x00000000 	0x00000000 
i=52 <34> 	 0x0008081f 	0x00000000 	0x00000000 	0x00000001 
i=56 <38> 	 0x00000000 	0x00000000 	0x00000000 	0x00000000 
i=60 <3c> 	 0x00000000 	0x00000000 	0x00000000 	0x00000000 

BAR-0: 0x08000004

BAR-1: 0x00000000

BAR-2: 0x00000000

BAR-3: 0x00000000

BAR-4: 0x00000000

BAR-5: 0x00000000

PCI:   Bus Dev VenId DevId Class Int
Done PCI initialization
In:    serial
Out:   serial
Err:   serial
arm_clk=1200MHz, axi_clk=600MHz, apb_clk=300MHz, arm_periph_clk=600MHz
Enabling icache and dcache
Enabling l2cache
Net:   Registering eth
Broadcom BCM IPROC Ethernet driver 0.1
Using GMAC1 (0x18023000)
et0: ethHw_chipAttach: Chip ID: 0xcf1e; phyaddr: 0x1e
bcm_robo_attach: devid: 0xa
bcmiproc_eth-0

*********************************************************
Please add diag support DIAGS_BOARD to: 
BCM953022K
BCM953025K
BCM953025K_REV2
BCM958622HR
BCM958623HR
BCM958522ER
BCM958625HR
in env before you can run any diags                      
*********************************************************
COM2 is not configured due to board type
COM3 is not configured due to board type
NVRAM_MAGIC found at offset 100000
nvram_init: ret 0
Press 'stop' to abort autoboot in 3 seconds
Checking TRX header at NAND addr 2c00000 size 800 ...
Checking  2c00000...
kernel_image_len 240000
Primary TRX image OK
Booting from Backup Partition
setting boot args to REDUNDANT_BOOT_PARTITION
kernel_args console=ttyS0,115200 ubi.mtd=7 root=ubi0:rootfs ro rootflags=sync rootfstype=ubifs user_debug=31 factory="WEP-12ac:rev.B,2v10,WP16000170,A8:F9:4B:B4:C4:20" loader_type=u-boot loader_version="1.20.0.14"
Start addr 01000000 machid 127f Parameter addr 60200000 ...

Starting kernel ...
Uncompressing Linux... done, booting the kernel.
[    0.000000] Linux version 2.6.36.4brcmarm (jenkins@jenkins-System-Product-Name) (gcc version 4.5.3 (Buildroot 2012.02) ) #1 SMP PREEMPT Fri Jul 1 18:01:16 +07 2022
[    0.000000] CPU: ARMv7 Processor [413fc090] revision 0 (ARMv7), cr=10c53c7f
[    0.000000] CPU: VIPT nonaliasing data cache, VIPT nonaliasing instruction cache
[    0.000000] Machine: Northstar Prototype
[    0.000000] Ignoring unrecognised tag 0x00000000
[    0.000000] Memory policy: ECC disabled, Data cache writealloc
[    0.000000] MPCORE found at 19020000
[    0.000000] PERCPU: Embedded 7 pages/cpu @d0215000 s4672 r8192 d15808 u65536
[    0.000000] pcpu-alloc: s4672 r8192 d15808 u65536 alloc=16*4096
[    0.000000] pcpu-alloc: [0] 0 [0] 1 
[    0.000000] Built 1 zonelists in Zone order, mobility grouping on.  Total pages: 60928
[    0.000000] Kernel command line: console=ttyS0,115200 root=ubi0:rootfs ro rootflags=sync rootfstype=ubifs user_debug=31
[    0.000000] PID hash table entries: 1024 (order: 0, 4096 bytes)
[    0.000000] Dentry cache hash table entries: 32768 (order: 5, 131072 bytes)
[    0.000000] Inode-cache hash table entries: 16384 (order: 4, 65536 bytes)
[    0.000000] Memory: 128MB 128MB = 256MB total
[    0.000000] Memory: 254528k/254528k available, 7616k reserved, 0K highmem
[    0.000000] Virtual kernel memory layout:
[    0.000000]     vector  : 0xffff0000 - 0xffff1000   (   4 kB)
[    0.000000]     fixmap  : 0xfff00000 - 0xfffe0000   ( 896 kB)
[    0.000000]     DMA     : 0xf7e00000 - 0xffe00000   ( 128 MB)
[    0.000000]     vmalloc : 0xd8800000 - 0xf0000000   ( 376 MB)
[    0.000000]     lowmem  : 0xc0000000 - 0xd8000000   ( 384 MB)
[    0.000000]     pkmap   : 0xbfe00000 - 0xc0000000   (   2 MB)
[    0.000000]     modules : 0xbf000000 - 0xbfe00000   (  14 MB)
[    0.000000]       .init : 0xc0008000 - 0xc0050000   ( 288 kB)
[    0.000000]       .text : 0xc0050000 - 0xc0459000   (4132 kB)
[    0.000000]       .data : 0xc0476000 - 0xc0499260   ( 141 kB)
[    0.000000] SLUB: Genslabs=11, HWalign=32, Order=0-3, MinObjects=0, CPUs=2, Nodes=1
[    0.000000] Hierarchical RCU implementation.
[    0.000000] 	RCU-based detection of stalled CPUs is disabled.
[    0.000000] 	Verbose stalled-CPUs detection is disabled.
[    0.000000] NR_IRQS:256
[    0.000000] MPCORE GIC init
[    0.000000] MPCORE Global Timer Clock 600000005Hz
[    0.000000] Calibrating delay loop... 2398.61 BogoMIPS (lpj=11993088)
[    0.240000] pid_max: default: 32768 minimum: 301
[    0.240000] Mount-cache hash table entries: 512
[    0.240000] CPU: Testing write buffer coherency: ok
[    0.240000] MPCORE Private timer setup CPU0
[    0.240000] Calibrating local timer... 599.820MHz.
[    0.330000] L310: cache controller enabled 16 ways, CACHE_ID 0x410000c8, AUX_CTRL 0x7a150000
[    0.330000] cpu0: action CPU_UP_PREPARE
[    0.330000] cpu0: action CPU_ONLINE
[    0.350000] cpu1: action CPU_UP_PREPARE
[    0.360000] CPU1: Booted secondary processor
[    0.360000] cpu1: action CPU_STARTING
[    0.360000] MPCORE Private timer setup CPU1
[    0.600000] cpu1: action CPU_ONLINE
[    0.600000] Brought up 2 CPUs
[    0.600000] SMP: Total of 2 processors activated (4797.23 BogoMIPS).
[    0.600000] devtmpfs: initialized
[    0.600000] atomic64 test passed
[    0.600000] NET: Registered protocol family 16
[    0.600000] Found a AMD NAND flash:
[    0.600000] Total size:  128MB
[    0.600000] Block size:  128KB
[    0.600000] Page Size:   2048B
[    0.600000] OOB Size:    64B
[    0.600000] Sector size: 512B
[    0.600000] Spare size:  16B
[    0.600000] ECC level:   4 (4-bit)
[    0.600000] Device ID: 0x 1 0xf1 0x 0 0x1d 0x 1 0xf1
[    0.630000] NVRAM kernel_args: console=ttyS0,115200 ubi.mtd=7 root=ubi0:rootfs ro rootflags=sync rootfstype=ubifs user_debug=31 factory="WEP-12ac:rev.B,2v10,WP16000170,A8:F9:4B:B4:C4:20" loader_type=u-boot loader_version="1.20.0.14"
[    0.630000] root device name: ubi0:rootfs
[    0.630000] CCA UART Clock Config: Sel=1 Ovr=0 Div=2
[    0.630000] CCA UART Clock rate 62500000Hz
[    0.630000] exceptions_init: enter 
[    0.630000] bio: create slab <bio-0> at 0
[    0.630000] cfg80211: Calling CRDA to update world regulatory domain
[    0.630000] Switching to clocksource mpcore_gtimer
[    0.630000] NET: Registered protocol family 2
[    0.630000] IP route cache hash table entries: 2048 (order: 1, 8192 bytes)
[    0.630000] TCP established hash table entries: 8192 (order: 4, 65536 bytes)
[    0.630000] TCP bind hash table entries: 8192 (order: 4, 98304 bytes)
[    0.630000] TCP: Hash tables configured (established 8192 bind 8192)
[    0.630000] TCP reno registered
[    0.630000] UDP hash table entries: 128 (order: 0, 4096 bytes)
[    0.630000] UDP-Lite hash table entries: 128 (order: 0, 4096 bytes)
[    0.630000] NET: Registered protocol family 1
[    0.630000] PCI: no core
[    0.630000] PCI: no core
[    0.630000] PCI: scanning bus 0
[    0.630000] PCI: Fixing up bus 0
[    0.880000] PCIE1 link=1
[    0.880000] Allow PCI Ex 2.0 - 1
[    0.880000] PCIE1 switching to GEN2
[    1.130000] PCIE1 link=1
[    1.130000] PCI: Fixing up bus 0
[    1.130000] PCI: bus0: Fast back to back transfers disabled
[    1.130000] PCI: Fixing up bus 1
[    1.130000] PCI: bus1: Fast back to back transfers disabled
[    1.130000] pci 0001:00:00.0: BAR 8: assigned [mem 0x08000000-0x080fffff]
[    1.130000] pci 0001:01:00.0: BAR 0: assigned [mem 0x08000000-0x08007fff 64bit]
[    1.130000] pci 0001:01:00.0: BAR 0: set to [mem 0x08000000-0x08007fff 64bit] (PCI address [0x8000000-0x8007fff]
[    1.130000] pci 0001:00:00.0: PCI bridge to [bus 01-01]
[    1.130000] pci 0001:00:00.0:   bridge window [io  disabled]
[    1.130000] pci 0001:00:00.0:   bridge window [mem 0x08000000-0x080fffff]
[    1.130000] pci 0001:00:00.0:   bridge window [mem pref disabled]
[    1.380000] PCIE2 link=1
[    1.380000] Allow PCI Ex 2.0 - 1
[    1.380000] PCIE2 switching to GEN2
[    1.630000] PCIE2 link=1
[    1.630000] PCI: Fixing up bus 0
[    1.630000] PCI: bus0: Fast back to back transfers disabled
[    1.630000] PCI: Fixing up bus 1
[    1.630000] PCI: bus1: Fast back to back transfers disabled
[    1.630000] pci 0002:00:00.0: BAR 8: assigned [mem 0x40000000-0x400fffff]
[    1.630000] pci 0002:01:00.0: BAR 0: assigned [mem 0x40000000-0x40007fff 64bit]
[    1.630000] pci 0002:01:00.0: BAR 0: set to [mem 0x40000000-0x40007fff 64bit] (PCI address [0x40000000-0x40007fff]
[    1.630000] pci 0002:00:00.0: PCI bridge to [bus 01-01]
[    1.630000] pci 0002:00:00.0:   bridge window [io  disabled]
[    1.630000] pci 0002:00:00.0:   bridge window [mem 0x40000000-0x400fffff]
[    1.630000] pci 0002:00:00.0:   bridge window [mem pref disabled]
[    1.880000] PCIE3 link=0
[    1.890000] squashfs: version 4.0 (2009/01/31) Phillip Lougher
[    1.890000] Registering unionfs 2.5.11 (for 2.6.36.4)
[    1.890000] JFFS2 version 2.2. (NAND) © 2001-2006 Red Hat, Inc.
[    1.890000] msgmni has been set to 497
[    1.890000] io scheduler noop registered
[    1.890000] io scheduler deadline registered
[    1.890000] io scheduler cfq registered (default)
[    1.950000] Serial: 8250/16550 driver, 2 ports, IRQ sharing disabled
[    1.950000] serial8250.0: ttyS0 at MMIO 0x18000300 (irq = 117) is a 16550
[    2.590000] console [ttyS0] enabled
[    2.600000] serial8250.0: ttyS1 at MMIO 0x18000400 (irq = 117) is a 16550
[    2.610000] brd: module loaded
[    2.610000] loop: module loaded
[    2.620000] pflash: found no supported devices
[    2.620000] Northstar brcmnand NAND Flash Controller driver, Version 0.1 (c) Broadcom Inc. 2012
[    2.630000] NAND device: Manufacturer ID: 0x01, Chip ID: 0xf1 (AMD NAND 128MiB 3,3V 8-bit)
[    2.640000] Spare area=64 eccbytes 28, ecc bytes located at:
[    2.650000]  9 10 11 12 13 14 15 25 26 27 28 29 30 31 41 42 43 44 45 46 47 57 58 59 60 61 62 63
[    2.650000] Available 35 bytes at (off,len):
[    2.660000] (1,8) (16,9) (32,9) (48,9) (0,0) (0,0) (0,0) (0,0) 
[    2.660000] Scanning device for bad blocks
[    3.220000] Options: NO_AUTOINCR,NO_READRDY,BBT_SCAN2NDPAGE,
[    3.230000] Nand Boot partition size = 1048576(0x100000)
[    3.230000] lookup_nflash_rootfs_offset: offset = 0x400000
[    3.250000] brcmnand: ubifs with lzo found at block #50 offset 640000
[    3.260000] lookup_nflash_rootfs_offset: offset = 0x2c00000
[    3.270000] brcmnand: ubifs with lzo found at block #370 offset 2e40000
[    3.280000] Creating 12 MTD partitions on "brcmnand":
[    3.280000] 0x000000000000-0x000000100000 : "boot"
[    3.290000] 0x000000100000-0x000000200000 : "nvram"
[    3.290000] 0x000000200000-0x000000300000 : "ram_cfg"
[    3.300000] 0x000000300000-0x000000400000 : "log"
[    3.310000] 0x000000400000-0x000002c00000 : "linux"
[    3.310000] 0x000000640000-0x000002c00000 : "rootfs"
[    3.320000] 0x000002c00000-0x000005400000 : "linux2"
[    3.320000] 0x000002e40000-0x000005400000 : "rootfs2"
[    3.330000] 0x000005400000-0x000007c00000 : "jffs2"
[    3.330000] 0x000007c00000-0x000007d00000 : "sign"
[    3.340000] 0x000007d00000-0x000007e00000 : "sign2"
[    3.340000] 0x000007e00000-0x000007f00000 : "boot_env"
[    3.350000] UBI: attaching mtd7 to ubi0
[    3.350000] UBI: physical eraseblock size:   131072 bytes (128 KiB)
[    3.360000] UBI: logical eraseblock size:    129024 bytes
[    3.370000] UBI: smallest flash I/O unit:    2048
[    3.370000] UBI: sub-page size:              512
[    3.380000] UBI: VID header offset:          512 (aligned 512)
[    3.380000] UBI: data offset:                2048
[    3.510000] UBI: max. sequence number:       0
[    3.520000] UBI: attached mtd7 to ubi0
[    3.520000] UBI: MTD device name:            "rootfs2"
[    3.530000] UBI: MTD device size:            37 MiB
[    3.530000] UBI: number of good PEBs:        302
[    3.540000] UBI: number of bad PEBs:         0
[    3.540000] UBI: max. allowed volumes:       128
[    3.550000] UBI: wear-leveling threshold:    4096
[    3.550000] UBI: number of internal volumes: 1
[    3.560000] UBI: number of user volumes:     1
[    3.560000] UBI: available PEBs:             7
[    3.560000] UBI: total number of reserved PEBs: 295
[    3.570000] UBI: number of PEBs reserved for bad PEB handling: 6
[    3.580000] UBI: max/mean erase counter: 0/0
[    3.580000] UBI: image sequence number:  309206785
[    3.580000] PPP generic driver version 2.4.2
[    3.590000] PPP Deflate Compression module registered
[    3.590000] PPP BSD Compression module registered
[    3.600000] PPP MPPE Compression module registered
[    3.600000] NET: Registered protocol family 24
[    3.610000] Software Watchdog Timer: 0.07 initialized. soft_noboot=0 soft_margin=120 sec (nowayout= 0)
[    3.620000] Init Eltex supplementary driver
[    3.620000] [ds1726] starting module
[    3.630000] [ds1726] ds1726_major = 255
[    3.630000] [ds1726]	This board does not containt ds1726 temperature sensor
[    3.640000] [TEST] Initing led and watchdog timers..
[    3.640000] Init external watchdog timer with interval = 400 ms
[    3.650000] Init LED timer with interval = 400 ms
[    3.650000] Init reboot press timer with interval = 500 ms
[    3.660000] [SFP]: starting module
[    3.660000] [SFP]: sfp_major = 248
[    3.670000] [SFP]: This board does not have SFP module functionality
[    3.670000] Netfilter messages via NETLINK v0.30.
[    3.680000] nf_conntrack version 0.5.0 (3977 buckets, 15908 max)
[    3.680000] IPv4 over IPv4 tunneling driver
[    3.690000] GRE over IPv4 tunneling driver
[    3.690000] ip_tables: (C) 2000-2006 Netfilter Core Team
[    3.700000] TCP cubic registered
[    3.700000] Initializing XFRM netlink socket
[    3.710000] NET: Registered protocol family 10
[    3.710000] IPv6 over IPv4 tunneling driver
[    3.720000] NET: Registered protocol family 17
[    3.720000] NET: Registered protocol family 15
[    3.720000] L2TP core driver, V2.0
[    3.730000] PPPoL2TP kernel driver, V2.0
[    3.730000] 802.1Q VLAN Support v1.8 Ben Greear <greearb@candelatech.com>
[    3.740000] All bugs added by David S. Miller <davem@redhat.com>
[    3.740000] lib80211: common routines for IEEE802.11 drivers
[    3.780000] UBIFS: parse sync
[    3.880000] UBIFS: mounted UBI device 0, volume 0, name "rootfs"
[    3.890000] UBIFS: mounted read-only
[    3.890000] UBIFS: file system size:   34836480 bytes (34020 KiB, 33 MiB, 270 LEBs)
[    3.900000] UBIFS: journal size:       4902912 bytes (4788 KiB, 4 MiB, 38 LEBs)
[    3.910000] UBIFS: media format:       w4/r0 (latest is w4/r0)
[    3.910000] UBIFS: default compressor: lzo
[    3.920000] UBIFS: reserved for root:  0 bytes (0 KiB)
[    3.920000] VFS: Mounted root (ubifs filesystem) readonly on device 0:12.
[    3.930000] devtmpfs: mounted
[    3.940000] Freeing init memory: 288K
[    4.050000] Board 'WEP-12ac:rev.B' rev '2v10' using GPIO16 for watchdog ping
RC Mounting filesystems...
[    4.160000] Board 'WEP-12ac:rev.B' rev '2v10' using GPIO6 for reset button
Dual config is supported
Restore config
Read dump config 2 image.ECC failed: 0
ECC corrected: 0
Number of bad blocks: 0
Number of bbt blocks: 0
Block size 131072, page size 2048, OOB size 64
Dumping data starting at 0x01400000 and ending at 0x01480000...
restore saved config
uncompressed start
[    4.410000] unionfs: new lower inode ctime (bindex=1, name=config)
[    4.420000] unionfs: new lower inode ctime (bindex=1, name=config)
[    4.420000] unionfs: new lower inode ctime (bindex=1, name=config)
uncompressed 47588 bytes
restore ret: 0
Dual config is supported
Restore cert
ECC failed: 0
ECC corrected: 0
Number of bad blocks: 0
Number of bbt blocks: 0
Block size 131072, page size 2048, OOB size 64
Dumping data starting at 0x00080000 and ending at 0x00100000...
tar: no gzip magic
Restore cert FAILED
/usr/sbin/flash-config: exit: line 271: Illegal number: -1
Mounting filesystems...
Inserting L2 tunnel code: wlext_l2tunnel.ko[    4.670000] wlext_l2tunnel: module license 'Proprietary' taints kernel.
[    4.680000] Disabling lock debugging due to kernel taint
[    4.700000] L2 Tunneling module init 
[    4.700000] mkdir /proc/net/l2tunnel SUCCESSFUL
[    4.710000] mkdir /proc/net/l2tunnel/tunnel SUCCESSFUL
[    4.710000] l2tunnel arp task created with pid 944
[    4.720000] l2tunnel frag task created with pid 945
.
Inserting AP Metering module code: wlext_apmeter.ko.
Inserting Captive Portal code: wlext_cp.ko[    4.830000] ap cp data allocated
[    4.830000] vap cp data allocated
.
Inserting EMF code: wlext_emf.ko.
Inserting IGMP Snooping code: wlext_igs.ko.
Inserting managed WDS code: wlext_wds.ko[    4.920000] Entering wlext_wds_db_init
[    4.920000] wlext_wds_socket_init Begin
[    4.930000] wlext-wds socket created.
[    4.930000] wlext_wds_socket_init End
.
[    4.940000] wlext_wds thread created with pid 994
Inserting Centralized L2 tunnel code: wlext_cl2tunnel.ko[    4.970000] Centralized L2 tunneling module init begin
[    4.970000] mkdir /proc/net/cl2tunnel SUCCESSFUL
[    4.980000] Centralized L2 tunneling module initialization SUCCESS
.
Inserting Dist L2 tunnel code: wlext_dl2tunnel.ko[    5.030000] dl2tunnel_init: begin
[    5.030000] dl2tunnel_monitor_task_init: monitor task created with pid 1011
[    5.040000] dl2tunnel_stats_proc_init: mkdir /proc/net/dl2tunnel SUCCESSFUL
[    5.050000] dl2tunnel_stats_proc_init: mkdir /proc/net/dl2tunnel/sta SUCCESSFUL
[    5.050000] dl2tunnel_init: module initializion SUCCESS
.
Inserting IP tunnel code: wlext_iptunnel.ko[    5.090000] ap tunnel allocated
[    5.090000] vap tunnel allocated
.
Inserting RF Scan code: wlext_rfscan.ko[    5.120000] Entering wlext_rfscan_db_init
[    5.130000] wlext_rfscan_socket_init Begin
[    5.130000] wlext-rfscan socket created.
[    5.140000] wlext_rfscan_socket_init End
[    5.140000] wlext_rfscan_hostapd_socket_init Begin
[    5.150000] wlext-rfscan hostapd socket created.
[    5.150000] wlext_rfscan_hostapd_socket_init End
.
[    5.160000] wlext_rfscan thread created with pid 1026
Starting IPC core
Inserting wlext stats code: wlext_stats.ko[    5.220000] mkdir /proc/net/ieee80211 SUCCESSFUL
[    5.220000] wlext-stats is initialized
.
Starting tspec.
Inserting Broadcom CTF module: ctf.ko.
Inserting Broadcom et driver code: et.ko[    5.390000] et_module_init: passivemode set to 0x0
[    5.410000] et_module_init: txworkq set to 0x0
[    5.410000] et_module_init: et_txq_thresh set to 0xce4
[    5.410000] et_module_init: et_rxlazy_timeout set to 0x3e8
[    5.430000] et_module_init: et_rxlazy_framecnt set to 0x20
[    5.430000] et_module_init: et_rxlazy_dyn_thresh set to 0
[    5.450000] osl_ctfpool_init: (d7356840) numobj 4096
[    5.470000] eth0: Broadcom BCM47XX 10/100/1000 Mbps Ethernet Controller 10.10.69.74 (r629731)
Inserting wl driver: wl.ko[    7.780000] wl_module_init: passivemode set to 0x0
[    7.790000] wl_module_init: txworkq set to 0x0
[    7.790000] wl_pci_probe: bus 1 slot 0 func 0 irq 163
[    7.800000] wl0: unit number
[    7.850000] wl: wlc_dl2t_attach d3d30000, intf 0
[    7.850000] wlc_exclude_chans_attach(171)
[    7.860000] osl_ctfpool_init: (d6e4ec00) numobj 4096
[    7.880000] wlan0: Broadcom BCM4360 802.11 Wireless Controller 10.10.69.74_e5.0.9.1 (r629731)
[    7.890000] wl_pci_probe: bus 1 slot 0 func 0 irq 169
[    7.900000] wl1: unit number
[    7.920000] wl: wlc_dl2t_attach d2b00000, intf 1
[    7.930000] si_pmu_pll1_fvco_4360:attempt to query fvco during normal operation
[    7.930000] wlc_exclude_chans_attach(171)
[    7.940000] osl_ctfpool_init: (d3d1f400) numobj 4096
[    7.960000] wlan1: Broadcom BCM4360 802.11 Wireless Controller 10.10.69.74_e5.0.9.1 (r629731)
/usr/sbin/wl: wl driver adapter not found
/usr/sbin/wl: wl driver adapter not found
board: bcm958522er
2 radio configuration detected
bands and phytype read for wlan0
bands and phytype read for wlan1
.
Configuration is being updated... 
2 radios detected
Keeping radio 2 configuration
Deleting radio 3 configuration.
radio-cap-update: bcm958522er
WLAN0
For bands = b, PhyType = 11, Radios = 2
mode_list_wlan0 = bg bg-n n-only-g
default_bw_wlan0 = 20, default_mode_wlan0 = bg-n
default_frag_threshold_wlan0 = 1024, default_rts_threshold_wlan0 = 1025
Enable wpa-cipher-tkip on wlan0 (2.4GHz)
WLAN1
For bands = a, PhyType = 11, Radios = 2
mode_list_wlan1 = a a-n-ac n-ac
default_bw_wlan1 = 20, default_mode_wlan1 = a-n-ac
default_frag_threshold_wlan1 = 2346, default_rts_threshold_wlan1 = 2347
Disable wpa-cipher-tkip on wlan1 (5GHz)
config.xml found. Migrating configuration...
Upgrade startup config successful
Configuration file merge successful
Inserting AE Kernel module code: wlext_ae.ko.
[    9.390000] wlext_ae thread created with pid 1187
Starting asengd.
[    9.440000] wlext_ae_promisc_set:Cannot get device for interface wlan2
[    9.450000] wlext_ae_promisc_set:Cannot get device for interface wlan2
asengd: asengd: no config file, using defaults

crash_dump: board_type = bcm958522er
,flash_file_path = /dev/mtd3
Starting mapd and dmanDMAN:netconn plugin init
dman: [Thu Jan  1 00:00:14 1970] Value "on" is not valid for property "vht-mode" of class "radio" - skipping.
dman: [Thu Jan  1 00:00:14 1970] Value "on" is not valid for property "smart-mode" of class "radio" - skipping.
dman: [Thu Jan  1 00:00:14 1970] Value "off" is not valid for property "smart-mode" of class "radio" - skipping.
dman: [Thu Jan  1 00:00:14 1970] Property "rssi-limit" is not valid for class "wids-service" - skipping.
dman: [Thu Jan  1 00:00:14 1970] Value "Eltex-AP" is not valid for property "system-name" of class "system" - skipping.
dman: [Thu Jan  1 00:00:14 1970] Instance has an unknown class "zwave".
killall: autodmesglog.sh: no process killed
dman: Start of service brtrunk-eapd ok
dman: Start of service brtrunk-out-eapd ok
dman: Start of service brtrunk-user-eapd ok
hostapd connection failed
hostapd connection failed
killall: hostapd: no process killed
killall: hspotap: no process killed
Fri Dec 31 12:00:00 MST 1999
dman: Starting mapqosd ....
dman: Restarting DHCP client (management-udhcpc)
killall: mini_httpd_watchdog.sh: no process killed

WEP-12ac_rev_B login: AP Serial number: WP16000170 - Config Changed: 0
AP hardware_version: 2v10 - Config Changed: 0
dman: DHCP-client: Interface brtrunk obtained lease on new address 100.110.0.238.
dman: set_default_router: going brtrunk to change default router to 100.110.0.1

Boot Successful - Config Ok
admin
Password: 


To retain the configuration between reboots, make sure you copy the running configuration file to the startup configuration file after you have completed all your changes.

Enter 'help' for help.

WEP-12ac_rev_B# cat test >> test
WEP-12ac_rev_B# cat test >> test
WEP-12ac_rev_B# top
[H[JMem: 122012K used, 132804K free, 0K shrd, 0K buff, 23804K cached
CPU:   0% usr   4% sys   0% nic  95% idle   0% io   0% irq   0% sirq
Load average: 0.00 0.02 0.05 1/70 3158
[7m  PID  PPID USER     STAT   VSZ %MEM CPU %CPU COMMAND[0m
3158  1254 root     R     1420   1%   0   5% top
1905  1237 root     S    12800   5%   0   0% /usr/sbin/snmpd -f -c /tmp/snmpd.c
1237     1 root     S    11388   4%   0   0% /usr/sbin/dman
1838  1237 root     S     8144   3%   0   0% /usr/sbin/clusterd -n default -c '
1725  1237 root     S     5340   2%   0   0% /usr/bin/mini_httpd-ssl -S -E /etc
1701  1237 root     S     5268   2%   0   0% /usr/bin/mini_httpd-ssl -D -p1 80
1229     1 root     S     5240   2%   0   0% /usr/sbin/mapd
1634  1237 root     S     4372   2%   0   0% /usr/sbin/mapqosd
1049     1 root     S     3940   2%   0   0% /usr/sbin/tspec
1846  1237 root     S     2792   1%   0   0% /usr/sbin/hostapd /tmp/hostapd.con
1194     1 root     S     2180   1%   0   0% /usr/sbin/asengd
1637  1237 root     S     2176   1%   0   0% /usr/sbin/lldpd
1032     1 root     S     1848   1%   0   0% /usr/bin/ipc-core
1040  1039 root     S     1848   1%   0   0% /usr/bin/ipc-core
1041  1039 root     S     1848   1%   0   0% /usr/bin/ipc-core
1039  1032 root     S     1848   1%   0   0% /usr/bin/ipc-core
1254  1237 root     S     1500   1%   0   0% -splash
1187     1 root     S     1436   1%   0   0% insmod /lib/modules/2.6.36.4/extra
1     0 root     S     1424   1%   1   0% init
1665  1237 root     S     1424   1%   0   0% /sbin/udhcpc -c -i brtrunk -l /tmp[H[JMem: 122056K used, 132760K free, 0K shrd, 0K buff, 23804K cached
CPU:   0% usr   0% sys   0% nic  97% idle   0% io   0% irq   1% sirq
Load average: 0.00 0.02 0.05 1/70 3165
[7m  PID  PPID USER     STAT   VSZ %MEM CPU %CPU COMMAND[0m
1237     1 root     S    11388   4%   0   0% /usr/sbin/dman
3158  1254 root     R     1420   1%   0   0% top
1905  1237 root     S    12800   5%   0   0% /usr/sbin/snmpd -f -c /tmp/snmpd.c
1838  1237 root     S     8144   3%   0   0% /usr/sbin/clusterd -n default -c '
1725  1237 root     S     5340   2%   0   0% /usr/bin/mini_httpd-ssl -S -E /etc
1701  1237 root     S     5268   2%   0   0% /usr/bin/mini_httpd-ssl -D -p1 80
1229     1 root     S     5240   2%   0   0% /usr/sbin/mapd
1634  1237 root     S     4372   2%   0   0% /usr/sbin/mapqosd
1049     1 root     S     3940   2%   0   0% /usr/sbin/tspec
1846  1237 root     S     2792   1%   0   0% /usr/sbin/hostapd /tmp/hostapd.con
1194     1 root     S     2180   1%   0   0% /usr/sbin/asengd
1637  1237 root     S     2176   1%   0   0% /usr/sbin/lldpd
1032     1 root     S     1848   1%   0   0% /usr/bin/ipc-core
1040  1039 root     S     1848   1%   0   0% /usr/bin/ipc-core
1041  1039 root     S     1848   1%   0   0% /usr/bin/ipc-core
1039  1032 root     S     1848   1%   0   0% /usr/bin/ipc-core
1254  1237 root     S     1500   1%   0   0% -splash
1187     1 root     S     1436   1%   0   0% insmod /lib/modules/2.6.36.4/extra
1     0 root     S     1424   1%   1   0% init
1665  1237 root     S     1424   1%   0   0% /sbin/udhcpc -c -i brtrunk -l /tmp[H[JMem: 122056K used, 132760K free, 0K shrd, 0K buff, 23804K cached
CPU:   0% usr   0% sys   0% nic  98% idle   0% io   0% irq   0% sirq
Load average: 0.00 0.02 0.05 1/70 3165
[7m  PID  PPID USER     STAT   VSZ %MEM CPU %CPU COMMAND[0m
3158  1254 root     R     1424   1%   0   0% top
1905  1237 root     S    12800   5%   0   0% /usr/sbin/snmpd -f -c /tmp/snmpd.c
1237     1 root     S    11388   4%   0   0% /usr/sbin/dman
1838  1237 root     S     8144   3%   0   0% /usr/sbin/clusterd -n default -c '
1725  1237 root     S     5340   2%   0   0% /usr/bin/mini_httpd-ssl -S -E /etc
1701  1237 root     S     5268   2%   0   0% /usr/bin/mini_httpd-ssl -D -p1 80
1229     1 root     S     5240   2%   0   0% /usr/sbin/mapd
1634  1237 root     S     4372   2%   0   0% /usr/sbin/mapqosd
1049     1 root     S     3940   2%   0   0% /usr/sbin/tspec
1846  1237 root     S     2792   1%   0   0% /usr/sbin/hostapd /tmp/hostapd.con
1194     1 root     S     2180   1%   0   0% /usr/sbin/asengd
1637  1237 root     S     2176   1%   0   0% /usr/sbin/lldpd
1032     1 root     S     1848   1%   0   0% /usr/bin/ipc-core
1040  1039 root     S     1848   1%   0   0% /usr/bin/ipc-core
1041  1039 root     S     1848   1%   0   0% /usr/bin/ipc-core
1039  1032 root     S     1848   1%   0   0% /usr/bin/ipc-core
1254  1237 root     S     1500   1%   0   0% -splash
1187     1 root     S     1436   1%   0   0% insmod /lib/modules/2.6.36.4/extra
1     0 root     S     1424   1%   1   0% init
1665  1237 root     S     1424   1%   0   0% /sbin/udhcpc -c -i brtrunk -l /tmp[H[JMem: 122056K used, 132760K free, 0K shrd, 0K buff, 23804K cached
CPU:   0% usr   0% sys   0% nic  98% idle   0% io   0% irq   1% sirq
Load average: 0.00 0.01 0.05 1/70 3166
[7m  PID  PPID USER     STAT   VSZ %MEM CPU %CPU COMMAND[0m
1237     1 root     S    11388   4%   0   0% /usr/sbin/dman
1032     1 root     S     1848   1%   0   0% /usr/bin/ipc-core
3158  1254 root     R     1424   1%   0   0% top
1905  1237 root     S    12800   5%   0   0% /usr/sbin/snmpd -f -c /tmp/snmpd.c
1838  1237 root     S     8144   3%   0   0% /usr/sbin/clusterd -n default -c '
1725  1237 root     S     5340   2%   0   0% /usr/bin/mini_httpd-ssl -S -E /etc
1701  1237 root     S     5268   2%   0   0% /usr/bin/mini_httpd-ssl -D -p1 80
1229     1 root     S     5240   2%   0   0% /usr/sbin/mapd
1634  1237 root     S     4372   2%   0   0% /usr/sbin/mapqosd
1049     1 root     S     3940   2%   0   0% /usr/sbin/tspec
1846  1237 root     S     2792   1%   0   0% /usr/sbin/hostapd /tmp/hostapd.con
1194     1 root     S     2180   1%   0   0% /usr/sbin/asengd
1637  1237 root     S     2176   1%   0   0% /usr/sbin/lldpd
1040  1039 root     S     1848   1%   0   0% /usr/bin/ipc-core
1041  1039 root     S     1848   1%   0   0% /usr/bin/ipc-core
1039  1032 root     S     1848   1%   0   0% /usr/bin/ipc-core
1254  1237 root     S     1500   1%   0   0% -splash
1187     1 root     S     1436   1%   0   0% insmod /lib/modules/2.6.36.4/extra
1     0 root     S     1424   1%   1   0% init
1665  1237 root     S     1424   1%   0   0% /sbin/udhcpc -c -i brtrunk -l /tmp[H[JMem: 122028K used, 132788K free, 0K shrd, 0K buff, 23804K cached
CPU:   0% usr   0% sys   0% nic  97% idle   0% io   0% irq   1% sirq
Load average: 0.00 0.01 0.05 1/70 3172
[7m  PID  PPID USER     STAT   VSZ %MEM CPU %CPU COMMAND[0m
1229     1 root     S     5240   2%   0   0% /usr/sbin/mapd
3158  1254 root     R     1424   1%   0   0% top
1736     1 root     S     1420   1%   0   0% /bin/sh /usr/bin/mini_httpd_watchd
1905  1237 root     S    12800   5%   0   0% /usr/sbin/snmpd -f -c /tmp/snmpd.c
1237     1 root     S    11388   4%   0   0% /usr/sbin/dman
1838  1237 root     S     8144   3%   0   0% /usr/sbin/clusterd -n default -c '
1725  1237 root     S     5340   2%   0   0% /usr/bin/mini_httpd-ssl -S -E /etc
1701  1237 root     S     5268   2%   0   0% /usr/bin/mini_httpd-ssl -D -p1 80
1634  1237 root     S     4372   2%   0   0% /usr/sbin/mapqosd
1049     1 root     S     3940   2%   0   0% /usr/sbin/tspec
1846  1237 root     S     2792   1%   0   0% /usr/sbin/hostapd /tmp/hostapd.con
1194     1 root     S     2180   1%   0   0% /usr/sbin/asengd
1637  1237 root     S     2176   1%   0   0% /usr/sbin/lldpd
1032     1 root     S     1848   1%   0   0% /usr/bin/ipc-core
1040  1039 root     S     1848   1%   0   0% /usr/bin/ipc-core
1041  1039 root     S     1848   1%   0   0% /usr/bin/ipc-core
1039  1032 root     S     1848   1%   0   0% /usr/bin/ipc-core
1254  1237 root     S     1500   1%   0   0% -splash
1187     1 root     S     1436   1%   0   0% insmod /lib/modules/2.6.36.4/extra
1     0 root     S     1424   1%   1   0% init[H[JMem: 122056K used, 132760K free, 0K shrd, 0K buff, 23804K cached
CPU:   0% usr   0% sys   0% nic  97% idle   0% io   0% irq   2% sirq
Load average: 0.00 0.01 0.05 1/70 3177
[7m  PID  PPID USER     STAT   VSZ %MEM CPU %CPU COMMAND[0m
1237     1 root     S    11388   4%   0   0% /usr/sbin/dman
3158  1254 root     R     1424   1%   0   0% top
1612  1237 root     S     1124   0%   0   0% /usr/sbin/dropbear -E -F -d /tmp/d
1905  1237 root     S    12800   5%   0   0% /usr/sbin/snmpd -f -c /tmp/snmpd.c
1838  1237 root     S     8144   3%   0   0% /usr/sbin/clusterd -n default -c '
1725  1237 root     S     5340   2%   0   0% /usr/bin/mini_httpd-ssl -S -E /etc
1701  1237 root     S     5268   2%   0   0% /usr/bin/mini_httpd-ssl -D -p1 80
1229     1 root     S     5240   2%   0   0% /usr/sbin/mapd
1634  1237 root     S     4372   2%   0   0% /usr/sbin/mapqosd
1049     1 root     S     3940   2%   0   0% /usr/sbin/tspec
1846  1237 root     S     2792   1%   0   0% /usr/sbin/hostapd /tmp/hostapd.con
1194     1 root     S     2180   1%   0   0% /usr/sbin/asengd
1637  1237 root     S     2176   1%   0   0% /usr/sbin/lldpd
1032     1 root     S     1848   1%   0   0% /usr/bin/ipc-core
1040  1039 root     S     1848   1%   0   0% /usr/bin/ipc-core
1041  1039 root     S     1848   1%   0   0% /usr/bin/ipc-core
1039  1032 root     S     1848   1%   0   0% /usr/bin/ipc-core
1254  1237 root     S     1500   1%   0   0% -splash
1187     1 root     S     1436   1%   0   0% insmod /lib/modules/2.6.36.4/extra
1     0 root     S     1424   1%   1   0% init[H[JMem: 122056K used, 132760K free, 0K shrd, 0K buff, 23804K cached
CPU:   0% usr   0% sys   0% nic  97% idle   0% io   0% irq   2% sirq
Load average: 0.00 0.01 0.05 1/70 3177
[7m  PID  PPID USER     STAT   VSZ %MEM CPU %CPU COMMAND[0m
3158  1254 root     R     1424   1%   0   0% top
1905  1237 root     S    12800   5%   0   0% /usr/sbin/snmpd -f -c /tmp/snmpd.c
1237     1 root     S    11388   4%   0   0% /usr/sbin/dman
1838  1237 root     S     8144   3%   0   0% /usr/sbin/clusterd -n default -c '
1725  1237 root     S     5340   2%   0   0% /usr/bin/mini_httpd-ssl -S -E /etc
1701  1237 root     S     5268   2%   0   0% /usr/bin/mini_httpd-ssl -D -p1 80
1229     1 root     S     5240   2%   0   0% /usr/sbin/mapd
1634  1237 root     S     4372   2%   0   0% /usr/sbin/mapqosd
1049     1 root     S     3940   2%   0   0% /usr/sbin/tspec
1846  1237 root     S     2792   1%   0   0% /usr/sbin/hostapd /tmp/hostapd.con
1194     1 root     S     2180   1%   0   0% /usr/sbin/asengd
1637  1237 root     S     2176   1%   0   0% /usr/sbin/lldpd
1032     1 root     S     1848   1%   0   0% /usr/bin/ipc-core
1040  1039 root     S     1848   1%   0   0% /usr/bin/ipc-core
1041  1039 root     S     1848   1%   0   0% /usr/bin/ipc-core
1039  1032 root     S     1848   1%   0   0% /usr/bin/ipc-core
1254  1237 root     S     1500   1%   0   0% -splash
1187     1 root     S     1436   1%   0   0% insmod /lib/modules/2.6.36.4/extra
1     0 root     S     1424   1%   1   0% init
1665  1237 root     S     1424   1%   0   0% /sbin/udhcpc -c -i brtrunk -l /tmp[H[JMem: 122056K used, 132760K free, 0K shrd, 0K buff, 23804K cached
CPU:   0% usr   0% sys   0% nic  96% idle   0% io   0% irq   2% sirq
Load average: 0.00 0.01 0.05 1/70 3184
[7m  PID  PPID USER     STAT   VSZ %MEM CPU %CPU COMMAND[0m
1237     1 root     S    11388   4%   0   0% /usr/sbin/dman
3158  1254 root     R     1424   1%   0   0% top
1612  1237 root     S     1124   0%   0   0% /usr/sbin/dropbear -E -F -d /tmp/d
1905  1237 root     S    12800   5%   0   0% /usr/sbin/snmpd -f -c /tmp/snmpd.c
1838  1237 root     S     8144   3%   0   0% /usr/sbin/clusterd -n default -c '
1725  1237 root     S     5340   2%   0   0% /usr/bin/mini_httpd-ssl -S -E /etc
1701  1237 root     S     5268   2%   0   0% /usr/bin/mini_httpd-ssl -D -p1 80
1229     1 root     S     5240   2%   0   0% /usr/sbin/mapd
1634  1237 root     S     4372   2%   0   0% /usr/sbin/mapqosd
1049     1 root     S     3940   2%   0   0% /usr/sbin/tspec
1846  1237 root     S     2792   1%   0   0% /usr/sbin/hostapd /tmp/hostapd.con
1194     1 root     S     2180   1%   0   0% /usr/sbin/asengd
1637  1237 root     S     2176   1%   0   0% /usr/sbin/lldpd
1032     1 root     S     1848   1%   0   0% /usr/bin/ipc-core
1040  1039 root     S     1848   1%   0   0% /usr/bin/ipc-core
1041  1039 root     S     1848   1%   0   0% /usr/bin/ipc-core
1039  1032 root     S     1848   1%   0   0% /usr/bin/ipc-core
1254  1237 root     S     1500   1%   0   0% -splash
1187     1 root     S     1436   1%   0   0% insmod /lib/modules/2.6.36.4/extra
1     0 root     S     1424   1%   1   0% init[H[JMem: 122088K used, 132728K free, 0K shrd, 0K buff, 23804K cached
CPU:   0% usr   0% sys   0% nic  98% idle   0% io   0% irq   1% sirq
Load average: 0.00 0.01 0.05 1/70 3184
[7m  PID  PPID USER     STAT   VSZ %MEM CPU %CPU COMMAND[0m
3158  1254 root     R     1424   1%   0   0% top
1905  1237 root     S    12800   5%   0   0% /usr/sbin/snmpd -f -c /tmp/snmpd.c
1237     1 root     S    11388   4%   0   0% /usr/sbin/dman
1838  1237 root     S     8144   3%   0   0% /usr/sbin/clusterd -n default -c '
1725  1237 root     S     5340   2%   0   0% /usr/bin/mini_httpd-ssl -S -E /etc
1701  1237 root     S     5268   2%   0   0% /usr/bin/mini_httpd-ssl -D -p1 80
1229     1 root     S     5240   2%   0   0% /usr/sbin/mapd
1634  1237 root     S     4372   2%   0   0% /usr/sbin/mapqosd
1049     1 root     S     3940   2%   0   0% /usr/sbin/tspec
1846  1237 root     S     2792   1%   0   0% /usr/sbin/hostapd /tmp/hostapd.con
1194     1 root     S     2180   1%   0   0% /usr/sbin/asengd
1637  1237 root     S     2176   1%   0   0% /usr/sbin/lldpd
1032     1 root     S     1848   1%   0   0% /usr/bin/ipc-core
1040  1039 root     S     1848   1%   0   0% /usr/bin/ipc-core
1041  1039 root     S     1848   1%   0   0% /usr/bin/ipc-core
1039  1032 root     S     1848   1%   0   0% /usr/bin/ipc-core
1254  1237 root     S     1500   1%   0   0% -splash
1187     1 root     S     1436   1%   0   0% insmod /lib/modules/2.6.36.4/extra
1     0 root     S     1424   1%   1   0% init
1665  1237 root     S     1424   1%   0   0% /sbin/udhcpc -c -i brtrunk -l /tmp[H[JMem: 122088K used, 132728K free, 0K shrd, 0K buff, 23804K cached
CPU:   0% usr   0% sys   0% nic  98% idle   0% io   0% irq   0% sirq
Load average: 0.00 0.01 0.05 1/70 3185
[7m  PID  PPID USER     STAT   VSZ %MEM CPU %CPU COMMAND[0m
1237     1 root     S    11388   4%   0   0% /usr/sbin/dman
3158  1254 root     R     1424   1%   0   0% top
1612  1237 root     S     1124   0%   0   0% /usr/sbin/dropbear -E -F -d /tmp/d
1905  1237 root     S    12800   5%   0   0% /usr/sbin/snmpd -f -c /tmp/snmpd.c
1838  1237 root     S     8144   3%   0   0% /usr/sbin/clusterd -n default -c '
1725  1237 root     S     5340   2%   0   0% /usr/bin/mini_httpd-ssl -S -E /etc
1701  1237 root     S     5268   2%   0   0% /usr/bin/mini_httpd-ssl -D -p1 80
1229     1 root     S     5240   2%   0   0% /usr/sbin/mapd
1634  1237 root     S     4372   2%   0   0% /usr/sbin/mapqosd
1049     1 root     S     3940   2%   0   0% /usr/sbin/tspec
1846  1237 root     S     2792   1%   0   0% /usr/sbin/hostapd /tmp/hostapd.con
1194     1 root     S     2180   1%   0   0% /usr/sbin/asengd
1637  1237 root     S     2176   1%   0   0% /usr/sbin/lldpd
1032     1 root     S     1848   1%   0   0% /usr/bin/ipc-core
1040  1039 root     S     1848   1%   0   0% /usr/bin/ipc-core
1041  1039 root     S     1848   1%   0   0% /usr/bin/ipc-core
1039  1032 root     S     1848   1%   0   0% /usr/bin/ipc-core
1254  1237 root     S     1500   1%   0   0% -splash
1187     1 root     S     1436   1%   0   0% insmod /lib/modules/2.6.36.4/extra
1     0 root     S     1424   1%   1   0% init[H[JMem: 122060K used, 132756K free, 0K shrd, 0K buff, 23804K cached
CPU:   0% usr   0% sys   0% nic  98% idle   0% io   0% irq   1% sirq
Load average: 0.00 0.01 0.05 1/70 3191
[7m  PID  PPID USER     STAT   VSZ %MEM CPU %CPU COMMAND[0m
1905  1237 root     S    12800   5%   0   0% /usr/sbin/snmpd -f -c /tmp/snmpd.c
1838  1237 root     S     8144   3%   0   0% /usr/sbin/clusterd -n default -c '
3158  1254 root     R     1424   1%   0   0% top
1237     1 root     S    11388   4%   0   0% /usr/sbin/dman
1725  1237 root     S     5340   2%   0   0% /usr/bin/mini_httpd-ssl -S -E /etc
1701  1237 root     S     5268   2%   0   0% /usr/bin/mini_httpd-ssl -D -p1 80
1229     1 root     S     5240   2%   0   0% /usr/sbin/mapd
1634  1237 root     S     4372   2%   0   0% /usr/sbin/mapqosd
1049     1 root     S     3940   2%   0   0% /usr/sbin/tspec
1846  1237 root     S     2792   1%   0   0% /usr/sbin/hostapd /tmp/hostapd.con
1194     1 root     S     2180   1%   0   0% /usr/sbin/asengd
1637  1237 root     S     2176   1%   0   0% /usr/sbin/lldpd
1032     1 root     S     1848   1%   0   0% /usr/bin/ipc-core
1040  1039 root     S     1848   1%   0   0% /usr/bin/ipc-core
1041  1039 root     S     1848   1%   0   0% /usr/bin/ipc-core
1039  1032 root     S     1848   1%   0   0% /usr/bin/ipc-core
1254  1237 root     S     1500   1%   0   0% -splash
1187     1 root     S     1436   1%   0   0% insmod /lib/modules/2.6.36.4/extra
1     0 root     S     1424   1%   1   0% init
1665  1237 root     S     1424   1%   0   0% /sbin/udhcpc -c -i brtrunk -l /tmp[H[JMem: 122076K used, 132740K free, 0K shrd, 0K buff, 23804K cached
CPU:   0% usr   0% sys   0% nic  97% idle   0% io   0% irq   1% sirq
Load average: 0.00 0.01 0.05 1/70 3198
[7m  PID  PPID USER     STAT   VSZ %MEM CPU %CPU COMMAND[0m
1237     1 root     S    11388   4%   0   0% /usr/sbin/dman
3158  1254 root     R     1424   1%   0   0% top
1612  1237 root     S     1124   0%   0   0% /usr/sbin/dropbear -E -F -d /tmp/d
1905  1237 root     S    12800   5%   0   0% /usr/sbin/snmpd -f -c /tmp/snmpd.c
1838  1237 root     S     8144   3%   0   0% /usr/sbin/clusterd -n default -c '
1725  1237 root     S     5340   2%   0   0% /usr/bin/mini_httpd-ssl -S -E /etc
1701  1237 root     S     5268   2%   0   0% /usr/bin/mini_httpd-ssl -D -p1 80
1229     1 root     S     5240   2%   0   0% /usr/sbin/mapd
1634  1237 root     S     4372   2%   0   0% /usr/sbin/mapqosd
1049     1 root     S     3940   2%   0   0% /usr/sbin/tspec
1846  1237 root     S     2792   1%   0   0% /usr/sbin/hostapd /tmp/hostapd.con
1194     1 root     S     2180   1%   0   0% /usr/sbin/asengd
1637  1237 root     S     2176   1%   0   0% /usr/sbin/lldpd
1032     1 root     S     1848   1%   0   0% /usr/bin/ipc-core
1040  1039 root     S     1848   1%   0   0% /usr/bin/ipc-core
1041  1039 root     S     1848   1%   0   0% /usr/bin/ipc-core
1039  1032 root     S     1848   1%   0   0% /usr/bin/ipc-core
1254  1237 root     S     1500   1%   0   0% -splash
1187     1 root     S     1436   1%   0   0% insmod /lib/modules/2.6.36.4/extra
1     0 root     S     1424   1%   1   0% init[H[JMem: 122088K used, 132728K free, 0K shrd, 0K buff, 23804K cached
CPU:   0% usr   0% sys   0% nic  98% idle   0% io   0% irq   0% sirq
Load average: 0.00 0.01 0.05 1/70 3213
[7m  PID  PPID USER     STAT   VSZ %MEM CPU %CPU COMMAND[0m
1838  1237 root     S     8144   3%   0   0% /usr/sbin/clusterd -n default -c '
3158  1254 root     R     1424   1%   0   0% top
1683     1 root     S     1420   1%   0   0% /bin/sh /usr/bin/snmp_watchdog.sh
1905  1237 root     S    12800   5%   0   0% /usr/sbin/snmpd -f -c /tmp/snmpd.c
1237     1 root     S    11388   4%   0   0% /usr/sbin/dman
1725  1237 root     S     5340   2%   0   0% /usr/bin/mini_httpd-ssl -S -E /etc
1701  1237 root     S     5268   2%   0   0% /usr/bin/mini_httpd-ssl -D -p1 80
1229     1 root     S     5240   2%   0   0% /usr/sbin/mapd
1634  1237 root     S     4372   2%   0   0% /usr/sbin/mapqosd
1049     1 root     S     3940   2%   0   0% /usr/sbin/tspec
1846  1237 root     S     2792   1%   0   0% /usr/sbin/hostapd /tmp/hostapd.con
1194     1 root     S     2180   1%   0   0% /usr/sbin/asengd
1637  1237 root     S     2176   1%   0   0% /usr/sbin/lldpd
1032     1 root     S     1848   1%   0   0% /usr/bin/ipc-core
1039  1032 root     S     1848   1%   0   0% /usr/bin/ipc-core
1041  1039 root     S     1848   1%   0   0% /usr/bin/ipc-core
1040  1039 root     S     1848   1%   0   0% /usr/bin/ipc-core
1254  1237 root     S     1500   1%   0   0% -splash
1187     1 root     S     1436   1%   0   0% insmod /lib/modules/2.6.36.4/extra
1     0 root     S     1424   1%   1   0% init[H[JMem: 122096K used, 132720K free, 0K shrd, 0K buff, 23804K cached
CPU:   0% usr   0% sys   0% nic  97% idle   0% io   0% irq   1% sirq
Load average: 0.00 0.01 0.05 1/70 3220
[7m  PID  PPID USER     STAT   VSZ %MEM CPU %CPU COMMAND[0m
1237     1 root     S    11388   4%   0   0% /usr/sbin/dman
3158  1254 root     R     1424   1%   0   0% top
1905  1237 root     S    12800   5%   0   0% /usr/sbin/snmpd -f -c /tmp/snmpd.c
1838  1237 root     S     8144   3%   0   0% /usr/sbin/clusterd -n default -c '
1725  1237 root     S     5340   2%   0   0% /usr/bin/mini_httpd-ssl -S -E /etc
1701  1237 root     S     5268   2%   0   0% /usr/bin/mini_httpd-ssl -D -p1 80
1229     1 root     S     5240   2%   0   0% /usr/sbin/mapd
1634  1237 root     S     4372   2%   0   0% /usr/sbin/mapqosd
1049     1 root     S     3940   2%   0   0% /usr/sbin/tspec
1846  1237 root     S     2792   1%   0   0% /usr/sbin/hostapd /tmp/hostapd.con
1194     1 root     S     2180   1%   0   0% /usr/sbin/asengd
1637  1237 root     S     2176   1%   0   0% /usr/sbin/lldpd
1032     1 root     S     1848   1%   0   0% /usr/bin/ipc-core
1041  1039 root     S     1848   1%   0   0% /usr/bin/ipc-core
1039  1032 root     S     1848   1%   0   0% /usr/bin/ipc-core
1040  1039 root     S     1848   1%   0   0% /usr/bin/ipc-core
1254  1237 root     S     1500   1%   0   0% -splash
1187     1 root     S     1436   1%   0   0% insmod /lib/modules/2.6.36.4/extra
1     0 root     S     1424   1%   1   0% init
1665  1237 root     S     1424   1%   0   0% /sbin/udhcpc -c -i brtrunk -l /tmp[H[JMem: 122096K used, 132720K free, 0K shrd, 0K buff, 23804K cached
CPU:   0% usr   0% sys   0% nic  98% idle   0% io   0% irq   1% sirq
Load average: 0.00 0.01 0.05 1/70 3220
[7m  PID  PPID USER     STAT   VSZ %MEM CPU %CPU COMMAND[0m
1237     1 root     S    11388   4%   0   0% /usr/sbin/dman
1229     1 root     S     5240   2%   0   0% /usr/sbin/mapd
3158  1254 root     R     1424   1%   0   0% top
1905  1237 root     S    12800   5%   0   0% /usr/sbin/snmpd -f -c /tmp/snmpd.c
1838  1237 root     S     8144   3%   0   0% /usr/sbin/clusterd -n default -c '
1725  1237 root     S     5340   2%   0   0% /usr/bin/mini_httpd-ssl -S -E /etc
1701  1237 root     S     5268   2%   0   0% /usr/bin/mini_httpd-ssl -D -p1 80
1634  1237 root     S     4372   2%   0   0% /usr/sbin/mapqosd
1049     1 root     S     3940   2%   0   0% /usr/sbin/tspec
1846  1237 root     S     2792   1%   0   0% /usr/sbin/hostapd /tmp/hostapd.con
1194     1 root     S     2180   1%   0   0% /usr/sbin/asengd
1637  1237 root     S     2176   1%   0   0% /usr/sbin/lldpd
1032     1 root     S     1848   1%   0   0% /usr/bin/ipc-core
1041  1039 root     S     1848   1%   0   0% /usr/bin/ipc-core
1039  1032 root     S     1848   1%   0   0% /usr/bin/ipc-core
1040  1039 root     S     1848   1%   0   0% /usr/bin/ipc-core
1254  1237 root     S     1500   1%   0   0% -splash
1187     1 root     S     1436   1%   0   0% insmod /lib/modules/2.6.36.4/extra
1     0 root     S     1424   1%   1   0% init
1665  1237 root     S     1424   1%   0   0% /sbin/udhcpc -c -i brtrunk -l /tmp[H[JMem: 122096K used, 132720K free, 0K shrd, 0K buff, 23804K cached
CPU:   0% usr   0% sys   0% nic  98% idle   0% io   0% irq   0% sirq
Load average: 0.00 0.01 0.05 1/70 3221
[7m  PID  PPID USER     STAT   VSZ %MEM CPU %CPU COMMAND[0m
1237     1 root     S    11388   4%   0   0% /usr/sbin/dman
1838  1237 root     S     8144   3%   0   0% /usr/sbin/clusterd -n default -c '
3158  1254 root     R     1424   1%   0   0% top
1612  1237 root     S     1124   0%   0   0% /usr/sbin/dropbear -E -F -d /tmp/d
1905  1237 root     S    12800   5%   0   0% /usr/sbin/snmpd -f -c /tmp/snmpd.c
1725  1237 root     S     5340   2%   0   0% /usr/bin/mini_httpd-ssl -S -E /etc
1701  1237 root     S     5268   2%   0   0% /usr/bin/mini_httpd-ssl -D -p1 80
1229     1 root     S     5240   2%   0   0% /usr/sbin/mapd
1634  1237 root     S     4372   2%   0   0% /usr/sbin/mapqosd
1049     1 root     S     3940   2%   0   0% /usr/sbin/tspec
1846  1237 root     S     2792   1%   0   0% /usr/sbin/hostapd /tmp/hostapd.con
1194     1 root     S     2180   1%   0   0% /usr/sbin/asengd
1637  1237 root     S     2176   1%   0   0% /usr/sbin/lldpd
1032     1 root     S     1848   1%   0   0% /usr/bin/ipc-core
1039  1032 root     S     1848   1%   0   0% /usr/bin/ipc-core
1041  1039 root     S     1848   1%   0   0% /usr/bin/ipc-core
1040  1039 root     S     1848   1%   0   0% /usr/bin/ipc-core
1254  1237 root     S     1500   1%   0   0% -splash
1187     1 root     S     1436   1%   0   0% insmod /lib/modules/2.6.36.4/extra
1     0 root     S     1424   1%   1   0% init[H[JMem: 122060K used, 132756K free, 0K shrd, 0K buff, 23804K cached
CPU:   0% usr   0% sys   0% nic  98% idle   0% io   0% irq   0% sirq
Load average: 0.00 0.01 0.05 1/70 3227
[7m  PID  PPID USER     STAT   VSZ %MEM CPU %CPU COMMAND[0m
3158  1254 root     R     1424   1%   0   0% top
1905  1237 root     S    12800   5%   0   0% /usr/sbin/snmpd -f -c /tmp/snmpd.c
1237     1 root     S    11388   4%   0   0% /usr/sbin/dman
1838  1237 root     S     8144   3%   0   0% /usr/sbin/clusterd -n default -c '
1725  1237 root     S     5340   2%   0   0% /usr/bin/mini_httpd-ssl -S -E /etc
1701  1237 root     S     5268   2%   0   0% /usr/bin/mini_httpd-ssl -D -p1 80
1229     1 root     S     5240   2%   0   0% /usr/sbin/mapd
1634  1237 root     S     4372   2%   0   0% /usr/sbin/mapqosd
1049     1 root     S     3940   2%   0   0% /usr/sbin/tspec
1846  1237 root     S     2792   1%   0   0% /usr/sbin/hostapd /tmp/hostapd.con
1194     1 root     S     2180   1%   0   0% /usr/sbin/asengd
1637  1237 root     S     2176   1%   0   0% /usr/sbin/lldpd
1032     1 root     S     1848   1%   0   0% /usr/bin/ipc-core
1041  1039 root     S     1848   1%   0   0% /usr/bin/ipc-core
1039  1032 root     S     1848   1%   0   0% /usr/bin/ipc-core
1040  1039 root     S     1848   1%   0   0% /usr/bin/ipc-core
1254  1237 root     S     1500   1%   0   0% -splash
1187     1 root     S     1436   1%   0   0% insmod /lib/modules/2.6.36.4/extra
1     0 root     S     1424   1%   1   0% init
1665  1237 root     S     1424   1%   0   0% /sbin/udhcpc -c -i brtrunk -l /tmp[H[JMem: 122088K used, 132728K free, 0K shrd, 0K buff, 23804K cached
CPU:   0% usr   0% sys   0% nic  97% idle   0% io   0% irq   1% sirq
Load average: 0.00 0.01 0.05 1/70 3232
[7m  PID  PPID USER     STAT   VSZ %MEM CPU %CPU COMMAND[0m
1237     1 root     S    11388   4%   0   0% /usr/sbin/dman
3158  1254 root     R     1424   1%   0   0% top
1905  1237 root     S    12800   5%   0   0% /usr/sbin/snmpd -f -c /tmp/snmpd.c
1838  1237 root     S     8144   3%   0   0% /usr/sbin/clusterd -n default -c '
1725  1237 root     S     5340   2%   0   0% /usr/bin/mini_httpd-ssl -S -E /etc
1701  1237 root     S     5268   2%   0   0% /usr/bin/mini_httpd-ssl -D -p1 80
1229     1 root     S     5240   2%   0   0% /usr/sbin/mapd
1634  1237 root     S     4372   2%   0   0% /usr/sbin/mapqosd
1049     1 root     S     3940   2%   0   0% /usr/sbin/tspec
1846  1237 root     S     2792   1%   0   0% /usr/sbin/hostapd /tmp/hostapd.con
1194     1 root     S     2180   1%   0   0% /usr/sbin/asengd
1637  1237 root     S     2176   1%   0   0% /usr/sbin/lldpd
1032     1 root     S     1848   1%   0   0% /usr/bin/ipc-core
1041  1039 root     S     1848   1%   0   0% /usr/bin/ipc-core
1039  1032 root     S     1848   1%   0   0% /usr/bin/ipc-core
1040  1039 root     S     1848   1%   0   0% /usr/bin/ipc-core
1254  1237 root     S     1500   1%   0   0% -splash
1187     1 root     S     1436   1%   0   0% insmod /lib/modules/2.6.36.4/extra
1     0 root     S     1424   1%   1   0% init
1665  1237 root     S     1424   1%   0   0% /sbin/udhcpc -c -i brtrunk -l /tmp[H[JMem: 122088K used, 132728K free, 0K shrd, 0K buff, 23804K cached
CPU:   0% usr   0% sys   0% nic  97% idle   0% io   0% irq   1% sirq
Load average: 0.00 0.01 0.05 1/70 3232
[7m  PID  PPID USER     STAT   VSZ %MEM CPU %CPU COMMAND[0m
3158  1254 root     R     1424   1%   0   0% top
1905  1237 root     S    12800   5%   0   0% /usr/sbin/snmpd -f -c /tmp/snmpd.c
1237     1 root     S    11388   4%   0   0% /usr/sbin/dman
1838  1237 root     S     8144   3%   0   0% /usr/sbin/clusterd -n default -c '
1725  1237 root     S     5340   2%   0   0% /usr/bin/mini_httpd-ssl -S -E /etc
1701  1237 root     S     5268   2%   0   0% /usr/bin/mini_httpd-ssl -D -p1 80
1229     1 root     S     5240   2%   0   0% /usr/sbin/mapd
1634  1237 root     S     4372   2%   0   0% /usr/sbin/mapqosd
1049     1 root     S     3940   2%   0   0% /usr/sbin/tspec
1846  1237 root     S     2792   1%   0   0% /usr/sbin/hostapd /tmp/hostapd.con
1194     1 root     S     2180   1%   0   0% /usr/sbin/asengd
1637  1237 root     S     2176   1%   0   0% /usr/sbin/lldpd
1032     1 root     S     1848   1%   0   0% /usr/bin/ipc-core
1041  1039 root     S     1848   1%   0   0% /usr/bin/ipc-core
1039  1032 root     S     1848   1%   0   0% /usr/bin/ipc-core
1040  1039 root     S     1848   1%   0   0% /usr/bin/ipc-core
1254  1237 root     S     1500   1%   0   0% -splash
1187     1 root     S     1436   1%   0   0% insmod /lib/modules/2.6.36.4/extra
1     0 root     S     1424   1%   1   0% init
1665  1237 root     S     1424   1%   0   0% /sbin/udhcpc -c -i brtrunk -l /tmp[H[JMem: 122096K used, 132720K free, 0K shrd, 0K buff, 23804K cached
CPU:   0% usr   0% sys   0% nic  98% idle   0% io   0% irq   1% sirq
Load average: 0.00 0.01 0.05 1/70 3239
[7m  PID  PPID USER     STAT   VSZ %MEM CPU %CPU COMMAND[0m
1237     1 root     S    11388   4%   0   0% /usr/sbin/dman
3158  1254 root     R     1424   1%   0   0% top
1612  1237 root     S     1124   0%   0   0% /usr/sbin/dropbear -E -F -d /tmp/d
1905  1237 root     S    12800   5%   0   0% /usr/sbin/snmpd -f -c /tmp/snmpd.c
1838  1237 root     S     8144   3%   0   0% /usr/sbin/clusterd -n default -c '
1725  1237 root     S     5340   2%   0   0% /usr/bin/mini_httpd-ssl -S -E /etc
1701  1237 root     S     5268   2%   0   0% /usr/bin/mini_httpd-ssl -D -p1 80
1229     1 root     S     5240   2%   0   0% /usr/sbin/mapd
1634  1237 root     S     4372   2%   0   0% /usr/sbin/mapqosd
1049     1 root     S     3940   2%   0   0% /usr/sbin/tspec
1846  1237 root     S     2792   1%   0   0% /usr/sbin/hostapd /tmp/hostapd.con
1194     1 root     S     2180   1%   0   0% /usr/sbin/asengd
1637  1237 root     S     2176   1%   0   0% /usr/sbin/lldpd
1032     1 root     S     1848   1%   0   0% /usr/bin/ipc-core
1039  1032 root     S     1848   1%   0   0% /usr/bin/ipc-core
1041  1039 root     S     1848   1%   0   0% /usr/bin/ipc-core
1040  1039 root     S     1848   1%   0   0% /usr/bin/ipc-core
1254  1237 root     S     1500   1%   0   0% -splash
1187     1 root     S     1436   1%   0   0% insmod /lib/modules/2.6.36.4/extra

echo test > test
WEP-12ac_rev_B# cat test
test
WEP-12ac_rev_B# cat test >> test
[  329.830000] Kernel panic - not syncing: Out of memory: compulsory panic_on_oom is enabled
[  329.830000] 
[  329.840000] [<c0056cc4>] (unwind_backtrace+0x0/0xe4) from [<c03664d0>] (panic+0x68/0x190)
[  329.850000] [<c03664d0>] (panic+0x68/0x190) from [<c00a7850>] (out_of_memory+0xb4/0x2f4)
[  329.860000] [<c00a7850>] (out_of_memory+0xb4/0x2f4) from [<c00aa73c>] (__alloc_pages_nodemask+0x460/0x558)
[  329.870000] [<c00aa73c>] (__alloc_pages_nodemask+0x460/0x558) from [<c00a55e8>] (filemap_fault+0x284/0x390)
[  329.880000] [<c00a55e8>] (filemap_fault+0x284/0x390) from [<c00b73b8>] (__do_fault+0x50/0x3e4)
[  329.880000] [<c00b73b8>] (__do_fault+0x50/0x3e4) from [<c00ba164>] (handle_mm_fault+0x304/0x688)
[  329.890000] [<c00ba164>] (handle_mm_fault+0x304/0x688) from [<c00599b4>] (do_page_fault+0xf4/0x1e0)
[  329.900000] [<c00599b4>] (do_page_fault+0xf4/0x1e0) from [<c005040c>] (do_PrefetchAbort+0x30/0x98)
[  329.910000] [<c005040c>] (do_PrefetchAbort+0x30/0x98) from [<c04390a0>] (ret_from_exception+0x0/0x10)
[  329.920000] Exception stack(0xd10b5fb0 to 0xd10b5ff8)
[  329.930000] 5fa0:                                     00000000 beef7ca4 00000000 00000000
[  329.930000] 5fc0: 00000000 beef7da8 beef7d94 00016654 00000008 beef7ca4 00000001 beef7dfc
[  329.940000] 5fe0: 000165c4 beef7c88 00009a98 00009a98 00000010 ffffffff
[  329.950000] CPU1: stopping
[  329.950000] [<c0056cc4>] (unwind_backtrace+0x0/0xe4) from [<c00502cc>] (do_IPI+0xd8/0x150)
[  329.950000] [<c00502cc>] (do_IPI+0xd8/0x150) from [<c0438c88>] (__irq_svc+0x48/0xe8)
[  329.950000] Exception stack(0xd7843f98 to 0xd7843fe0)
[  329.950000] 3f80:                                                       d7af4000 00000000
[  329.950000] 3fa0: d7843fe0 00000000 d7842000 c0482b60 c049a0a8 c049a214 1811a500 413fc090
[  329.950000] 3fc0: 0000001f 00000000 c0509478 d7843fe0 c0051c58 c0051c5c 60000013 ffffffff
[  329.950000] [<c0438c88>] (__irq_svc+0x48/0xe8) from [<c0051c5c>] (default_idle+0x24/0x28)
[  329.950000] [<c0051c5c>] (default_idle+0x24/0x28) from [<c0051dc4>] (cpu_idle+0x40/0x94)
[  329.950000] [<c0051dc4>] (cpu_idle+0x40/0x94) from [<00008084>] (0x8084)
[  330.020000] Rebooting in 5 seconds..
U-Boot SPL 2012.10.esdk.7-1.20.0.14 (Oct 23 2020 - 08:51:21)
DEV ID = 0xcf1e
PCIE CFG DEV ID = 0x8022
OTP offset(0x8): 0x78f01c01
OTP offset(0x9): 0xfe200818
OTP offset(0xa): 0xc01b0
OTP offset(0xb): 0x0
OTP offset(0xc): 0x4400000
OTP offset(0xd): 0xbccde230
OTP offset(0xe): 0x1035b17f
OTP offset(0xf): 0x281c
SKU ID = 0x0
DDR type: DDR3
MEMC 0 DDR speed = 800MHz
ddr_init2: Calling soc_ddr40_set_shmoo_dram_config
ddr_init2: Calling soc_ddr40_phy_calibrate
C01. Check Power Up Reset_Bar
C02. Config and Release PLL from reset
C03. Poll PLL Lock
C04. Calibrate ZQ (ddr40_phy_calib_zq)
C05. DDR PHY VTT On (Virtual VTT setup) DISABLE all Virtual VTT
C06. DDR40_PHY_DDR3_MISC
C07. VDL Calibration
C07.1
C07.2
C07.4
C07.4.1
C07.4.4
VDL calibration result: 0x30000003 (cal_steps = 0)
C07.4.5
C07.4.6
C07.5
C08. DDR40_PHY_DDR3_MISC : Start DDR40_PHY_RDLY_ODT....
C09. Start ddr40_phy_autoidle_on (MEM_SYS_PARAM_PHY_AUTO_IDLE) ....
C10. Wait for Phy Ready
Programming controller register
ddr_init2: Calling soc_ddr40_shmoo_ctl
Validate Shmoo parameters stored in flash ..... OK
Press Ctrl-C to run Shmoo ..... skipped
Restoring Shmoo parameters from flash ..... done
Running simple memory test ..... OK
DDR Tune Completed
(ONFI), S34ML01G1           , 
INFO: device 128MB, page 2048B, oobsize 64B, block 128KB, 
col-addr 2, row-addr 2, 8-bit
NAND:   chipsize 128 MiB


U-Boot 2012.10.esdk.7-1.20.0.14 (Oct 23 2020 - 08:51:21)

DRAM:  16 MiB
WARNING: Caches not enabled
NAND:   (ONFI), S34ML01G1           , 
INFO: device 128MB, page 2048B, oobsize 64B, block 128KB, 
col-addr 2, row-addr 2, 8-bit
NAND:   chipsize 128 MiB
MMC:   iproc_mmc: 0

soc_pcie_hw_init : port->reg_base = 0x18012000 , its value = 0x1 
PCIe port in RC mode

==>PCIE: LINKSTA reg 0xbe val 0x9012

**************
port 0 is active!!
**************
membase 0x8000000 memlimit 0x10000000
00:00.00 - 14e4:4360 - Network controller

pci_iproc_init_board : hose->last_busno = 0x0 

Extended Config
i=0 <0> 	 0x14e4  0x8022  0x0146  0x0010  0x0011  0x0200  0x0000  0x0001 
i=8 <8> 	 0x0000  0x0000  0x0000  0x0000  0x0100  0x0004  0x0000  0x0000 
i=16 <10> 	 0x0800  0x1000  0x0001  0x0001  0x0000  0x0000  0x0000  0x0000 
i=24 <18> 	 0x0000  0x0000  0x0048  0x0000  0x0000  0x0000  0x01a9  0x0000 
i=32 <20> 	 0x0000  0x0000  0x0000  0x0000  0xac01  0xc803  0x2008  0x0000 
i=40 <28> 	 0x0000  0x0000  0x0000  0x0000  0x0000  0x0000  0x0000  0x0000 
i=48 <30> 	 0x0000  0x0000  0x0000  0x0000  0x0000  0x0000  0x0000  0x0000 
i=56 <38> 	 0x0000  0x0000  0x0000  0x0000  0x0000  0x0000  0x0000  0x0000 
i=64 <40> 	 0x0000  0x0000  0x0000  0x0000  0x0000  0x0000  0x0000  0x0000 
i=72 <48> 	 0x0000  0x0000  0x0000  0x0000  0x0000  0x0000  0x0000  0x0000 
i=80 <50> 	 0x0000  0x0000  0x0000  0x0000  0x0000  0x0000  0x0010  0x0042 
i=88 <58> 	 0x8000  0x0000  0x2c10  0x0010  0x5c12  0x0065  0x0000  0x9012 
i=96 <60> 	 0x0000  0x0000  0x0000  0x0040  0x0000  0x0001  0x0000  0x0000 
i=104 <68> 	 0x001f  0x0008  0x0000  0x0000  0x0000  0x0000  0x0002  0x0000 
i=112 <70> 	 0x0000  0x0000  0x0000  0x0000  0x0000  0x0000  0x0000  0x0000 
i=120 <78> 	 0x0000  0x0000  0x0000  0x0000  0x0000  0x0000  0x0000  0x0000 


Standard Config
i=0 <0> 	 0x436014e4 	0x00100146 	0x02800003 	0x00000000 
i=4 <4> 	 0x08000004 	0x00000000 	0x00000000 	0x00000000 
i=8 <8> 	 0x00000000 	0x00000000 	0x00000000 	0x436014e4 
i=12 <c> 	 0x00000000 	0x00000048 	0x00000000 	0x000001a9 
i=16 <10> 	 0x00000000 	0x00000000 	0x06035801 	0x00004008 
i=20 <14> 	 0x00000000 	0x00000000 	0x00806805 	0x00000000 
i=24 <18> 	 0x00000000 	0x00000000 	0x0044ac09 	0x00000101 
i=28 <1c> 	 0x18100000 	0x00000000 	0x00000000 	0x00000000 
i=32 <20> 	 0x18000000 	0x00000000 	0x00000000 	0x00000000 
i=36 <24> 	 0x00000000 	0x00000100 	0x00000000 	0x00000000 
i=40 <28> 	 0x00000000 	0x00000000 	0x00010040 	0x00020010 
i=44 <2c> 	 0x00008f82 	0x00102c10 	0x0046dc12 	0x10120000 
i=48 <30> 	 0x00000000 	0x00000000 	0x00000000 	0x00000000 
i=52 <34> 	 0x0008081f 	0x00000000 	0x00000000 	0x00000001 
i=56 <38> 	 0x00000000 	0x00000000 	0x00000000 	0x00000000 
i=60 <3c> 	 0x00000000 	0x00000000 	0x00000000 	0x00000000 

BAR-0: 0x08000004

BAR-1: 0x00000000

BAR-2: 0x00000000

BAR-3: 0x00000000

BAR-4: 0x00000000

BAR-5: 0x00000000

PCI:   Bus Dev VenId DevId Class Int
Done PCI initialization
In:    serial
Out:   serial
Err:   serial
arm_clk=1200MHz, axi_clk=600MHz, apb_clk=300MHz, arm_periph_clk=600MHz
Enabling icache and dcache
Enabling l2cache
Net:   Registering eth
Broadcom BCM IPROC Ethernet driver 0.1
Using GMAC1 (0x18023000)
et0: ethHw_chipAttach: Chip ID: 0xcf1e; phyaddr: 0x1e
bcm_robo_attach: devid: 0xa
bcmiproc_eth-0

*********************************************************
Please add diag support DIAGS_BOARD to: 
BCM953022K
BCM953025K
BCM953025K_REV2
BCM958622HR
BCM958623HR
BCM958522ER
BCM958625HR
in env before you can run any diags                      
*********************************************************
COM2 is not configured due to board type
COM3 is not configured due to board type
NVRAM_MAGIC found at offset 100000
nvram_init: ret 0
Press 'stop' to abort autoboot in 3 seconds
Checking TRX header at NAND addr 2c00000 size 800 ...
Checking  2c00000...
kernel_image_len 240000
Primary TRX image OK
Booting from Backup Partition
setting boot args to REDUNDANT_BOOT_PARTITION
kernel_args console=ttyS0,115200 ubi.mtd=7 root=ubi0:rootfs ro rootflags=sync rootfstype=ubifs user_debug=31 factory="WEP-12ac:rev.B,2v10,WP16000170,A8:F9:4B:B4:C4:20" loader_type=u-boot loader_version="1.20.0.14"
Start addr 01000000 machid 127f Parameter addr 60200000 ...

Starting kernel ...
Uncompressing Linux... done, booting the kernel.
[    0.000000] Linux version 2.6.36.4brcmarm (jenkins@jenkins-System-Product-Name) (gcc version 4.5.3 (Buildroot 2012.02) ) #1 SMP PREEMPT Fri Jul 1 18:01:16 +07 2022
[    0.000000] CPU: ARMv7 Processor [413fc090] revision 0 (ARMv7), cr=10c53c7f
[    0.000000] CPU: VIPT nonaliasing data cache, VIPT nonaliasing instruction cache
[    0.000000] Machine: Northstar Prototype
[    0.000000] Ignoring unrecognised tag 0x00000000
[    0.000000] Memory policy: ECC disabled, Data cache writealloc
[    0.000000] MPCORE found at 19020000
[    0.000000] PERCPU: Embedded 7 pages/cpu @d0215000 s4672 r8192 d15808 u65536
[    0.000000] pcpu-alloc: s4672 r8192 d15808 u65536 alloc=16*4096
[    0.000000] pcpu-alloc: [0] 0 [0] 1 
[    0.000000] Built 1 zonelists in Zone order, mobility grouping on.  Total pages: 60928
[    0.000000] Kernel command line: console=ttyS0,115200 root=ubi0:rootfs ro rootflags=sync rootfstype=ubifs user_debug=31
[    0.000000] PID hash table entries: 1024 (order: 0, 4096 bytes)
[    0.000000] Dentry cache hash table entries: 32768 (order: 5, 131072 bytes)
[    0.000000] Inode-cache hash table entries: 16384 (order: 4, 65536 bytes)
[    0.000000] Memory: 128MB 128MB = 256MB total
[    0.000000] Memory: 254528k/254528k available, 7616k reserved, 0K highmem
[    0.000000] Virtual kernel memory layout:
[    0.000000]     vector  : 0xffff0000 - 0xffff1000   (   4 kB)
[    0.000000]     fixmap  : 0xfff00000 - 0xfffe0000   ( 896 kB)
[    0.000000]     DMA     : 0xf7e00000 - 0xffe00000   ( 128 MB)
[    0.000000]     vmalloc : 0xd8800000 - 0xf0000000   ( 376 MB)
[    0.000000]     lowmem  : 0xc0000000 - 0xd8000000   ( 384 MB)
[    0.000000]     pkmap   : 0xbfe00000 - 0xc0000000   (   2 MB)
[    0.000000]     modules : 0xbf000000 - 0xbfe00000   (  14 MB)
[    0.000000]       .init : 0xc0008000 - 0xc0050000   ( 288 kB)
[    0.000000]       .text : 0xc0050000 - 0xc0459000   (4132 kB)
[    0.000000]       .data : 0xc0476000 - 0xc0499260   ( 141 kB)
[    0.000000] SLUB: Genslabs=11, HWalign=32, Order=0-3, MinObjects=0, CPUs=2, Nodes=1
[    0.000000] Hierarchical RCU implementation.
[    0.000000] 	RCU-based detection of stalled CPUs is disabled.
[    0.000000] 	Verbose stalled-CPUs detection is disabled.
[    0.000000] NR_IRQS:256
[    0.000000] MPCORE GIC init
[    0.000000] MPCORE Global Timer Clock 600000005Hz
[    0.000000] Calibrating delay loop... 2398.61 BogoMIPS (lpj=11993088)
[    0.240000] pid_max: default: 32768 minimum: 301
[    0.240000] Mount-cache hash table entries: 512
[    0.240000] CPU: Testing write buffer coherency: ok
[    0.240000] MPCORE Private timer setup CPU0
[    0.240000] Calibrating local timer... 599.818MHz.
[    0.330000] L310: cache controller enabled 16 ways, CACHE_ID 0x410000c8, AUX_CTRL 0x7a150000
[    0.330000] cpu0: action CPU_UP_PREPARE
[    0.330000] cpu0: action CPU_ONLINE
[    0.350000] cpu1: action CPU_UP_PREPARE
[    0.360000] CPU1: Booted secondary processor
[    0.360000] cpu1: action CPU_STARTING
[    0.360000] MPCORE Private timer setup CPU1
[    0.600000] cpu1: action CPU_ONLINE
[    0.600000] Brought up 2 CPUs
[    0.600000] SMP: Total of 2 processors activated (4797.23 BogoMIPS).
[    0.600000] devtmpfs: initialized
[    0.600000] atomic64 test passed
[    0.600000] NET: Registered protocol family 16
[    0.600000] Found a AMD NAND flash:
[    0.600000] Total size:  128MB
[    0.600000] Block size:  128KB
[    0.600000] Page Size:   2048B
[    0.600000] OOB Size:    64B
[    0.600000] Sector size: 512B
[    0.600000] Spare size:  16B
[    0.600000] ECC level:   4 (4-bit)
[    0.600000] Device ID: 0x 1 0xf1 0x 0 0x1d 0x 1 0xf1
[    0.630000] NVRAM kernel_args: console=ttyS0,115200 ubi.mtd=7 root=ubi0:rootfs ro rootflags=sync rootfstype=ubifs user_debug=31 factory="WEP-12ac:rev.B,2v10,WP16000170,A8:F9:4B:B4:C4:20" loader_type=u-boot loader_version="1.20.0.14"
[    0.630000] root device name: ubi0:rootfs
[    0.630000] CCA UART Clock Config: Sel=1 Ovr=0 Div=2
[    0.630000] CCA UART Clock rate 62500000Hz
[    0.630000] exceptions_init: enter 
[    0.630000] bio: create slab <bio-0> at 0
